Archive member included to satisfy reference by file (symbol)

/opt/intelFPGA_lite/20.1/nios2eds/bin/gnu/H-x86_64-pc-linux-gnu/bin/../lib/gcc/nios2-elf/9.2.1/mno-hw-mul/libgcc.a(lib2-divmod.o)
                              obj/default/hello_world_small.o (__modsi3)
/opt/intelFPGA_lite/20.1/nios2eds/bin/gnu/H-x86_64-pc-linux-gnu/bin/../lib/gcc/nios2-elf/9.2.1/../../../../../H-x86_64-pc-linux-gnu/nios2-elf/lib/mno-hw-mul/libsmallc.a(lib_a-puts.o)
                              obj/default/hello_world_small.o (puts)
/opt/intelFPGA_lite/20.1/nios2eds/bin/gnu/H-x86_64-pc-linux-gnu/bin/../lib/gcc/nios2-elf/9.2.1/../../../../../H-x86_64-pc-linux-gnu/nios2-elf/lib/mno-hw-mul/libsmallc.a(lib_a-rand.o)
                              obj/default/hello_world_small.o (srand)
/opt/intelFPGA_lite/20.1/nios2eds/bin/gnu/H-x86_64-pc-linux-gnu/bin/../lib/gcc/nios2-elf/9.2.1/../../../../../H-x86_64-pc-linux-gnu/nios2-elf/lib/mno-hw-mul/libsmallc.a(lib_a-strlen.o)
                              /opt/intelFPGA_lite/20.1/nios2eds/bin/gnu/H-x86_64-pc-linux-gnu/bin/../lib/gcc/nios2-elf/9.2.1/../../../../../H-x86_64-pc-linux-gnu/nios2-elf/lib/mno-hw-mul/libsmallc.a(lib_a-puts.o) (strlen)
/opt/intelFPGA_lite/20.1/nios2eds/bin/gnu/H-x86_64-pc-linux-gnu/bin/../lib/gcc/nios2-elf/9.2.1/../../../../../H-x86_64-pc-linux-gnu/nios2-elf/lib/mno-hw-mul/libsmallc.a(lib_a-time.o)
                              obj/default/hello_world_small.o (time)
/opt/intelFPGA_lite/20.1/nios2eds/bin/gnu/H-x86_64-pc-linux-gnu/bin/../lib/gcc/nios2-elf/9.2.1/../../../../../H-x86_64-pc-linux-gnu/nios2-elf/lib/mno-hw-mul/libsmallc.a(lib_a-fvwrite_small_dev.o)
                              /opt/intelFPGA_lite/20.1/nios2eds/bin/gnu/H-x86_64-pc-linux-gnu/bin/../lib/gcc/nios2-elf/9.2.1/../../../../../H-x86_64-pc-linux-gnu/nios2-elf/lib/mno-hw-mul/libsmallc.a(lib_a-puts.o) (__sfvwrite_small_dev)
/opt/intelFPGA_lite/20.1/nios2eds/bin/gnu/H-x86_64-pc-linux-gnu/bin/../lib/gcc/nios2-elf/9.2.1/../../../../../H-x86_64-pc-linux-gnu/nios2-elf/lib/mno-hw-mul/libsmallc.a(lib_a-gettimeofdayr.o)
                              /opt/intelFPGA_lite/20.1/nios2eds/bin/gnu/H-x86_64-pc-linux-gnu/bin/../lib/gcc/nios2-elf/9.2.1/../../../../../H-x86_64-pc-linux-gnu/nios2-elf/lib/mno-hw-mul/libsmallc.a(lib_a-time.o) (_gettimeofday_r)
/opt/intelFPGA_lite/20.1/nios2eds/bin/gnu/H-x86_64-pc-linux-gnu/bin/../lib/gcc/nios2-elf/9.2.1/../../../../../H-x86_64-pc-linux-gnu/nios2-elf/lib/mno-hw-mul/libsmallc.a(lib_a-impure.o)
                              /opt/intelFPGA_lite/20.1/nios2eds/bin/gnu/H-x86_64-pc-linux-gnu/bin/../lib/gcc/nios2-elf/9.2.1/../../../../../H-x86_64-pc-linux-gnu/nios2-elf/lib/mno-hw-mul/libsmallc.a(lib_a-puts.o) (_impure_ptr)
/opt/intelFPGA_lite/20.1/nios2eds/bin/gnu/H-x86_64-pc-linux-gnu/bin/../lib/gcc/nios2-elf/9.2.1/../../../../../H-x86_64-pc-linux-gnu/nios2-elf/lib/mno-hw-mul/libsmallc.a(lib_a-int_errno.o)
                              /opt/intelFPGA_lite/20.1/nios2eds/bin/gnu/H-x86_64-pc-linux-gnu/bin/../lib/gcc/nios2-elf/9.2.1/../../../../../H-x86_64-pc-linux-gnu/nios2-elf/lib/mno-hw-mul/libsmallc.a(lib_a-gettimeofdayr.o) (errno)
/opt/intelFPGA_lite/20.1/nios2eds/bin/gnu/H-x86_64-pc-linux-gnu/bin/../lib/gcc/nios2-elf/9.2.1/../../../../../H-x86_64-pc-linux-gnu/nios2-elf/lib/mno-hw-mul/libsmallc.a(lib_a-writer.o)
                              /opt/intelFPGA_lite/20.1/nios2eds/bin/gnu/H-x86_64-pc-linux-gnu/bin/../lib/gcc/nios2-elf/9.2.1/../../../../../H-x86_64-pc-linux-gnu/nios2-elf/lib/mno-hw-mul/libsmallc.a(lib_a-fvwrite_small_dev.o) (_write_r)
/opt/intelFPGA_lite/20.1/nios2eds/bin/gnu/H-x86_64-pc-linux-gnu/bin/../lib/gcc/nios2-elf/9.2.1/mno-hw-mul/libgcc.a(_muldi3.o)
                              /opt/intelFPGA_lite/20.1/nios2eds/bin/gnu/H-x86_64-pc-linux-gnu/bin/../lib/gcc/nios2-elf/9.2.1/../../../../../H-x86_64-pc-linux-gnu/nios2-elf/lib/mno-hw-mul/libsmallc.a(lib_a-rand.o) (__muldi3)
/opt/intelFPGA_lite/20.1/nios2eds/bin/gnu/H-x86_64-pc-linux-gnu/bin/../lib/gcc/nios2-elf/9.2.1/mno-hw-mul/libgcc.a(lib2-mul.o)
                              /opt/intelFPGA_lite/20.1/nios2eds/bin/gnu/H-x86_64-pc-linux-gnu/bin/../lib/gcc/nios2-elf/9.2.1/mno-hw-mul/libgcc.a(_muldi3.o) (__mulsi3)
../CollendaProgram_bsp//libhal_bsp.a(alt_gettod.o)
                              /opt/intelFPGA_lite/20.1/nios2eds/bin/gnu/H-x86_64-pc-linux-gnu/bin/../lib/gcc/nios2-elf/9.2.1/../../../../../H-x86_64-pc-linux-gnu/nios2-elf/lib/mno-hw-mul/libsmallc.a(lib_a-gettimeofdayr.o) (gettimeofday)
../CollendaProgram_bsp//libhal_bsp.a(alt_load.o)
                              ../CollendaProgram_bsp//obj/HAL/src/crt0.o (alt_load)
../CollendaProgram_bsp//libhal_bsp.a(alt_main.o)
                              ../CollendaProgram_bsp//obj/HAL/src/crt0.o (alt_main)
../CollendaProgram_bsp//libhal_bsp.a(alt_tick.o)
                              ../CollendaProgram_bsp//libhal_bsp.a(alt_gettod.o) (_alt_nticks)
../CollendaProgram_bsp//libhal_bsp.a(alt_write.o)
                              /opt/intelFPGA_lite/20.1/nios2eds/bin/gnu/H-x86_64-pc-linux-gnu/bin/../lib/gcc/nios2-elf/9.2.1/../../../../../H-x86_64-pc-linux-gnu/nios2-elf/lib/mno-hw-mul/libsmallc.a(lib_a-writer.o) (write)
../CollendaProgram_bsp//libhal_bsp.a(alt_sys_init.o)
                              ../CollendaProgram_bsp//libhal_bsp.a(alt_main.o) (alt_irq_init)
../CollendaProgram_bsp//libhal_bsp.a(altera_avalon_jtag_uart_write.o)
                              ../CollendaProgram_bsp//libhal_bsp.a(alt_write.o) (altera_avalon_jtag_uart_write)
../CollendaProgram_bsp//libhal_bsp.a(alt_dcache_flush_all.o)
                              ../CollendaProgram_bsp//libhal_bsp.a(alt_load.o) (alt_dcache_flush_all)
../CollendaProgram_bsp//libhal_bsp.a(alt_errno.o)
                              ../CollendaProgram_bsp//libhal_bsp.a(alt_write.o) (alt_errno)
../CollendaProgram_bsp//libhal_bsp.a(alt_icache_flush_all.o)
                              ../CollendaProgram_bsp//libhal_bsp.a(alt_load.o) (alt_icache_flush_all)
../CollendaProgram_bsp//libhal_bsp.a(altera_nios2_gen2_irq.o)
                              ../CollendaProgram_bsp//libhal_bsp.a(alt_sys_init.o) (altera_nios2_gen2_irq_init)
/opt/intelFPGA_lite/20.1/nios2eds/bin/gnu/H-x86_64-pc-linux-gnu/bin/../lib/gcc/nios2-elf/9.2.1/mno-hw-mul/libgcc.a(_umoddi3.o)
                              ../CollendaProgram_bsp//libhal_bsp.a(alt_gettod.o) (__umoddi3)
/opt/intelFPGA_lite/20.1/nios2eds/bin/gnu/H-x86_64-pc-linux-gnu/bin/../lib/gcc/nios2-elf/9.2.1/mno-hw-mul/libgcc.a(_clz.o)
                              /opt/intelFPGA_lite/20.1/nios2eds/bin/gnu/H-x86_64-pc-linux-gnu/bin/../lib/gcc/nios2-elf/9.2.1/mno-hw-mul/libgcc.a(_umoddi3.o) (__clz_tab)

Allocating common symbols
Common symbol       size              file

errno               0x4               /opt/intelFPGA_lite/20.1/nios2eds/bin/gnu/H-x86_64-pc-linux-gnu/bin/../lib/gcc/nios2-elf/9.2.1/../../../../../H-x86_64-pc-linux-gnu/nios2-elf/lib/mno-hw-mul/libsmallc.a(lib_a-int_errno.o)

Memory Configuration

Name             Origin             Length             Attributes
reset            0x0000000000008000 0x0000000000000020
onchip_memory2_0 0x0000000000008020 0x0000000000007510
*default*        0x0000000000000000 0xffffffffffffffff

Linker script and memory map

LOAD ../CollendaProgram_bsp//obj/HAL/src/crt0.o
LOAD obj/default/hello_world_small.o
LOAD /opt/intelFPGA_lite/20.1/nios2eds/bin/gnu/H-x86_64-pc-linux-gnu/bin/../lib/gcc/nios2-elf/9.2.1/../../../../../H-x86_64-pc-linux-gnu/nios2-elf/lib/mno-hw-mul/libstdc++.a
LOAD /opt/intelFPGA_lite/20.1/nios2eds/bin/gnu/H-x86_64-pc-linux-gnu/bin/../lib/gcc/nios2-elf/9.2.1/../../../../../H-x86_64-pc-linux-gnu/nios2-elf/lib/mno-hw-mul/libm.a
LOAD /opt/intelFPGA_lite/20.1/nios2eds/bin/gnu/H-x86_64-pc-linux-gnu/bin/../lib/gcc/nios2-elf/9.2.1/mno-hw-mul/libgcc.a
START GROUP
LOAD /opt/intelFPGA_lite/20.1/nios2eds/bin/gnu/H-x86_64-pc-linux-gnu/bin/../lib/gcc/nios2-elf/9.2.1/../../../../../H-x86_64-pc-linux-gnu/nios2-elf/lib/mno-hw-mul/libsmallc.a
LOAD /opt/intelFPGA_lite/20.1/nios2eds/bin/gnu/H-x86_64-pc-linux-gnu/bin/../lib/gcc/nios2-elf/9.2.1/mno-hw-mul/libgcc.a
LOAD ../CollendaProgram_bsp//libhal_bsp.a
LOAD /opt/intelFPGA_lite/20.1/nios2eds/bin/gnu/H-x86_64-pc-linux-gnu/bin/../lib/gcc/nios2-elf/9.2.1/../../../../../H-x86_64-pc-linux-gnu/nios2-elf/lib/mno-hw-mul/libm.a
END GROUP
LOAD /opt/intelFPGA_lite/20.1/nios2eds/bin/gnu/H-x86_64-pc-linux-gnu/bin/../lib/gcc/nios2-elf/9.2.1/mno-hw-mul/libgcc.a
                0x0000000000008000                __alt_mem_onchip_memory2_0 = 0x8000

.entry          0x0000000000008000       0x20
 *(.entry)
 .entry         0x0000000000008000       0x20 ../CollendaProgram_bsp//obj/HAL/src/crt0.o
                0x0000000000008000                __reset
                0x000000000000800c                _exit

.exceptions     0x0000000000008020        0x0
                0x0000000000008020                PROVIDE (__ram_exceptions_start = ABSOLUTE (.))
                0x0000000000008020                . = ALIGN (0x20)
 *(.irq)
 *(.exceptions.entry.label)
 *(.exceptions.entry.user)
 *(.exceptions.entry.ecc_fatal)
 *(.exceptions.entry)
 *(.exceptions.irqtest.user)
 *(.exceptions.irqtest)
 *(.exceptions.irqhandler.user)
 *(.exceptions.irqhandler)
 *(.exceptions.irqreturn.user)
 *(.exceptions.irqreturn)
 *(.exceptions.notirq.label)
 *(.exceptions.notirq.user)
 *(.exceptions.notirq)
 *(.exceptions.soft.user)
 *(.exceptions.soft)
 *(.exceptions.unknown.user)
 *(.exceptions.unknown)
 *(.exceptions.exit.label)
 *(.exceptions.exit.user)
 *(.exceptions.exit)
 *(.exceptions)
                0x0000000000008020                PROVIDE (__ram_exceptions_end = ABSOLUTE (.))
                0x0000000000008020                PROVIDE (__flash_exceptions_start = LOADADDR (.exceptions))

.text           0x0000000000008020     0x14bc
                [!provide]                        PROVIDE (stext = ABSOLUTE (.))
 *(.interp)
 *(.hash)
 *(.dynsym)
 *(.dynstr)
 *(.gnu.version)
 *(.gnu.version_d)
 *(.gnu.version_r)
 *(.rel.init)
 *(.rela.init)
 *(.rel.text .rel.text.* .rel.gnu.linkonce.t.*)
 *(.rela.text .rela.text.* .rela.gnu.linkonce.t.*)
 *(.rel.fini)
 *(.rela.fini)
 *(.rel.rodata .rel.rodata.* .rel.gnu.linkonce.r.*)
 *(.rela.rodata .rela.rodata.* .rela.gnu.linkonce.r.*)
 *(.rel.data .rel.data.* .rel.gnu.linkonce.d.*)
 *(.rela.data .rela.data.* .rela.gnu.linkonce.d.*)
 *(.rel.tdata .rel.tdata.* .rel.gnu.linkonce.td.*)
 *(.rela.tdata .rela.tdata.* .rela.gnu.linkonce.td.*)
 *(.rel.tbss .rel.tbss.* .rel.gnu.linkonce.tb.*)
 *(.rela.tbss .rela.tbss.* .rela.gnu.linkonce.tb.*)
 *(.rel.ctors)
 *(.rela.ctors)
 *(.rel.dtors)
 *(.rela.dtors)
 *(.rel.got)
 *(.rela.got)
 *(.rel.sdata .rel.sdata.* .rel.gnu.linkonce.s.*)
 *(.rela.sdata .rela.sdata.* .rela.gnu.linkonce.s.*)
 *(.rel.sbss .rel.sbss.* .rel.gnu.linkonce.sb.*)
 *(.rela.sbss .rela.sbss.* .rela.gnu.linkonce.sb.*)
 *(.rel.sdata2 .rel.sdata2.* .rel.gnu.linkonce.s2.*)
 *(.rela.sdata2 .rela.sdata2.* .rela.gnu.linkonce.s2.*)
 *(.rel.sbss2 .rel.sbss2.* .rel.gnu.linkonce.sb2.*)
 *(.rela.sbss2 .rela.sbss2.* .rela.gnu.linkonce.sb2.*)
 *(.rel.bss .rel.bss.* .rel.gnu.linkonce.b.*)
 *(.rela.bss .rela.bss.* .rela.gnu.linkonce.b.*)
 *(.rel.plt)
 *(.rela.plt)
 *(.rel.dyn)
 *(.init)
 *(.plt)
 *(.text .stub .text.* .gnu.linkonce.t.*)
 .text          0x0000000000008020       0x3c ../CollendaProgram_bsp//obj/HAL/src/crt0.o
                0x0000000000008020                _start
 .text          0x000000000000805c      0x1a0 obj/default/hello_world_small.o
                0x000000000000805c                increase_coordinate
                0x00000000000081ac                sendInstruction
                0x00000000000081e4                position_instruction_builder
 .text.startup  0x00000000000081fc      0x394 obj/default/hello_world_small.o
                0x00000000000081fc                main
 .text          0x0000000000008590      0x1b4 /opt/intelFPGA_lite/20.1/nios2eds/bin/gnu/H-x86_64-pc-linux-gnu/bin/../lib/gcc/nios2-elf/9.2.1/mno-hw-mul/libgcc.a(lib2-divmod.o)
                0x0000000000008590                __divsi3
                0x0000000000008610                __modsi3
                0x0000000000008684                __udivsi3
                0x00000000000086e8                __umodsi3
 .text          0x0000000000008744        0x0 /opt/intelFPGA_lite/20.1/nios2eds/bin/gnu/H-x86_64-pc-linux-gnu/bin/../lib/gcc/nios2-elf/9.2.1/../../../../../H-x86_64-pc-linux-gnu/nios2-elf/lib/mno-hw-mul/libsmallc.a(lib_a-puts.o)
 .text._puts_r  0x0000000000008744       0x84 /opt/intelFPGA_lite/20.1/nios2eds/bin/gnu/H-x86_64-pc-linux-gnu/bin/../lib/gcc/nios2-elf/9.2.1/../../../../../H-x86_64-pc-linux-gnu/nios2-elf/lib/mno-hw-mul/libsmallc.a(lib_a-puts.o)
                0x0000000000008744                _puts_r
 .text.puts     0x00000000000087c8       0x10 /opt/intelFPGA_lite/20.1/nios2eds/bin/gnu/H-x86_64-pc-linux-gnu/bin/../lib/gcc/nios2-elf/9.2.1/../../../../../H-x86_64-pc-linux-gnu/nios2-elf/lib/mno-hw-mul/libsmallc.a(lib_a-puts.o)
                0x00000000000087c8                puts
 .text          0x00000000000087d8        0x0 /opt/intelFPGA_lite/20.1/nios2eds/bin/gnu/H-x86_64-pc-linux-gnu/bin/../lib/gcc/nios2-elf/9.2.1/../../../../../H-x86_64-pc-linux-gnu/nios2-elf/lib/mno-hw-mul/libsmallc.a(lib_a-rand.o)
 .text.srand    0x00000000000087d8       0x14 /opt/intelFPGA_lite/20.1/nios2eds/bin/gnu/H-x86_64-pc-linux-gnu/bin/../lib/gcc/nios2-elf/9.2.1/../../../../../H-x86_64-pc-linux-gnu/nios2-elf/lib/mno-hw-mul/libsmallc.a(lib_a-rand.o)
                0x00000000000087d8                srand
 .text.rand     0x00000000000087ec       0x60 /opt/intelFPGA_lite/20.1/nios2eds/bin/gnu/H-x86_64-pc-linux-gnu/bin/../lib/gcc/nios2-elf/9.2.1/../../../../../H-x86_64-pc-linux-gnu/nios2-elf/lib/mno-hw-mul/libsmallc.a(lib_a-rand.o)
                0x00000000000087ec                rand
 .text          0x000000000000884c        0x0 /opt/intelFPGA_lite/20.1/nios2eds/bin/gnu/H-x86_64-pc-linux-gnu/bin/../lib/gcc/nios2-elf/9.2.1/../../../../../H-x86_64-pc-linux-gnu/nios2-elf/lib/mno-hw-mul/libsmallc.a(lib_a-strlen.o)
 .text.strlen   0x000000000000884c       0x1c /opt/intelFPGA_lite/20.1/nios2eds/bin/gnu/H-x86_64-pc-linux-gnu/bin/../lib/gcc/nios2-elf/9.2.1/../../../../../H-x86_64-pc-linux-gnu/nios2-elf/lib/mno-hw-mul/libsmallc.a(lib_a-strlen.o)
                0x000000000000884c                strlen
 .text          0x0000000000008868        0x0 /opt/intelFPGA_lite/20.1/nios2eds/bin/gnu/H-x86_64-pc-linux-gnu/bin/../lib/gcc/nios2-elf/9.2.1/../../../../../H-x86_64-pc-linux-gnu/nios2-elf/lib/mno-hw-mul/libsmallc.a(lib_a-time.o)
 .text.time     0x0000000000008868       0x58 /opt/intelFPGA_lite/20.1/nios2eds/bin/gnu/H-x86_64-pc-linux-gnu/bin/../lib/gcc/nios2-elf/9.2.1/../../../../../H-x86_64-pc-linux-gnu/nios2-elf/lib/mno-hw-mul/libsmallc.a(lib_a-time.o)
                0x0000000000008868                time
 .text          0x00000000000088c0        0x0 /opt/intelFPGA_lite/20.1/nios2eds/bin/gnu/H-x86_64-pc-linux-gnu/bin/../lib/gcc/nios2-elf/9.2.1/../../../../../H-x86_64-pc-linux-gnu/nios2-elf/lib/mno-hw-mul/libsmallc.a(lib_a-fvwrite_small_dev.o)
 .text.__sfvwrite_small_dev
                0x00000000000088c0       0xa8 /opt/intelFPGA_lite/20.1/nios2eds/bin/gnu/H-x86_64-pc-linux-gnu/bin/../lib/gcc/nios2-elf/9.2.1/../../../../../H-x86_64-pc-linux-gnu/nios2-elf/lib/mno-hw-mul/libsmallc.a(lib_a-fvwrite_small_dev.o)
                0x00000000000088c0                __sfvwrite_small_dev
 .text          0x0000000000008968        0x0 /opt/intelFPGA_lite/20.1/nios2eds/bin/gnu/H-x86_64-pc-linux-gnu/bin/../lib/gcc/nios2-elf/9.2.1/../../../../../H-x86_64-pc-linux-gnu/nios2-elf/lib/mno-hw-mul/libsmallc.a(lib_a-gettimeofdayr.o)
 .text._gettimeofday_r
                0x0000000000008968       0x4c /opt/intelFPGA_lite/20.1/nios2eds/bin/gnu/H-x86_64-pc-linux-gnu/bin/../lib/gcc/nios2-elf/9.2.1/../../../../../H-x86_64-pc-linux-gnu/nios2-elf/lib/mno-hw-mul/libsmallc.a(lib_a-gettimeofdayr.o)
                0x0000000000008968                _gettimeofday_r
 .text          0x00000000000089b4        0x0 /opt/intelFPGA_lite/20.1/nios2eds/bin/gnu/H-x86_64-pc-linux-gnu/bin/../lib/gcc/nios2-elf/9.2.1/../../../../../H-x86_64-pc-linux-gnu/nios2-elf/lib/mno-hw-mul/libsmallc.a(lib_a-impure.o)
 .text          0x00000000000089b4        0x0 /opt/intelFPGA_lite/20.1/nios2eds/bin/gnu/H-x86_64-pc-linux-gnu/bin/../lib/gcc/nios2-elf/9.2.1/../../../../../H-x86_64-pc-linux-gnu/nios2-elf/lib/mno-hw-mul/libsmallc.a(lib_a-int_errno.o)
 .text          0x00000000000089b4        0x0 /opt/intelFPGA_lite/20.1/nios2eds/bin/gnu/H-x86_64-pc-linux-gnu/bin/../lib/gcc/nios2-elf/9.2.1/../../../../../H-x86_64-pc-linux-gnu/nios2-elf/lib/mno-hw-mul/libsmallc.a(lib_a-writer.o)
 .text._write_r
                0x00000000000089b4       0x50 /opt/intelFPGA_lite/20.1/nios2eds/bin/gnu/H-x86_64-pc-linux-gnu/bin/../lib/gcc/nios2-elf/9.2.1/../../../../../H-x86_64-pc-linux-gnu/nios2-elf/lib/mno-hw-mul/libsmallc.a(lib_a-writer.o)
                0x00000000000089b4                _write_r
 .text          0x0000000000008a04      0x104 /opt/intelFPGA_lite/20.1/nios2eds/bin/gnu/H-x86_64-pc-linux-gnu/bin/../lib/gcc/nios2-elf/9.2.1/mno-hw-mul/libgcc.a(_muldi3.o)
                0x0000000000008a04                __muldi3
 .text          0x0000000000008b08       0x28 /opt/intelFPGA_lite/20.1/nios2eds/bin/gnu/H-x86_64-pc-linux-gnu/bin/../lib/gcc/nios2-elf/9.2.1/mno-hw-mul/libgcc.a(lib2-mul.o)
                0x0000000000008b08                __mulsi3
 .text          0x0000000000008b30      0x134 ../CollendaProgram_bsp//libhal_bsp.a(alt_gettod.o)
                0x0000000000008b30                gettimeofday
 .text          0x0000000000008c64       0xe0 ../CollendaProgram_bsp//libhal_bsp.a(alt_load.o)
                0x0000000000008c64                alt_load
 .text          0x0000000000008d44       0x2c ../CollendaProgram_bsp//libhal_bsp.a(alt_main.o)
                0x0000000000008d44                alt_main
 .text          0x0000000000008d70       0xe8 ../CollendaProgram_bsp//libhal_bsp.a(alt_tick.o)
                0x0000000000008d70                alt_alarm_stop
                0x0000000000008da0                alt_tick
 .text          0x0000000000008e58       0x5c ../CollendaProgram_bsp//libhal_bsp.a(alt_write.o)
                0x0000000000008e58                write
 .text          0x0000000000008eb4       0x24 ../CollendaProgram_bsp//libhal_bsp.a(alt_sys_init.o)
                0x0000000000008eb4                alt_irq_init
                0x0000000000008ed4                alt_sys_init
 .text          0x0000000000008ed8       0x30 ../CollendaProgram_bsp//libhal_bsp.a(altera_avalon_jtag_uart_write.o)
                0x0000000000008ed8                altera_avalon_jtag_uart_write
 .text          0x0000000000008f08        0x4 ../CollendaProgram_bsp//libhal_bsp.a(alt_dcache_flush_all.o)
                0x0000000000008f08                alt_dcache_flush_all
 .text          0x0000000000008f0c        0x0 ../CollendaProgram_bsp//libhal_bsp.a(alt_errno.o)
 .text          0x0000000000008f0c        0x4 ../CollendaProgram_bsp//libhal_bsp.a(alt_icache_flush_all.o)
                0x0000000000008f0c                alt_icache_flush_all
 .text          0x0000000000008f10        0x8 ../CollendaProgram_bsp//libhal_bsp.a(altera_nios2_gen2_irq.o)
                0x0000000000008f10                altera_nios2_gen2_irq_init
 .text          0x0000000000008f18      0x5c4 /opt/intelFPGA_lite/20.1/nios2eds/bin/gnu/H-x86_64-pc-linux-gnu/bin/../lib/gcc/nios2-elf/9.2.1/mno-hw-mul/libgcc.a(_umoddi3.o)
                0x0000000000008f18                __umoddi3
 .text          0x00000000000094dc        0x0 /opt/intelFPGA_lite/20.1/nios2eds/bin/gnu/H-x86_64-pc-linux-gnu/bin/../lib/gcc/nios2-elf/9.2.1/mno-hw-mul/libgcc.a(_clz.o)
 *(.gnu.warning.*)
 *(.fini)
                [!provide]                        PROVIDE (__etext = ABSOLUTE (.))
                [!provide]                        PROVIDE (_etext = ABSOLUTE (.))
                [!provide]                        PROVIDE (etext = ABSOLUTE (.))
 *(.eh_frame_hdr)
                0x00000000000094dc                . = ALIGN (0x4)
                [!provide]                        PROVIDE (__preinit_array_start = ABSOLUTE (.))
 *(.preinit_array)
                [!provide]                        PROVIDE (__preinit_array_end = ABSOLUTE (.))
                [!provide]                        PROVIDE (__init_array_start = ABSOLUTE (.))
 *(.init_array)
                [!provide]                        PROVIDE (__init_array_end = ABSOLUTE (.))
                [!provide]                        PROVIDE (__fini_array_start = ABSOLUTE (.))
 *(.fini_array)
                [!provide]                        PROVIDE (__fini_array_end = ABSOLUTE (.))
 *(.eh_frame)
 *(.gcc_except_table .gcc_except_table.*)
 *(.dynamic)
                [!provide]                        PROVIDE (__CTOR_LIST__ = ABSOLUTE (.))
 *(.ctors)
 *(SORT_BY_NAME(.ctors.*))
                [!provide]                        PROVIDE (__CTOR_END__ = ABSOLUTE (.))
                [!provide]                        PROVIDE (__DTOR_LIST__ = ABSOLUTE (.))
 *(.dtors)
 *(SORT_BY_NAME(.dtors.*))
                [!provide]                        PROVIDE (__DTOR_END__ = ABSOLUTE (.))
 *(.jcr)
                0x00000000000094dc                . = ALIGN (0x4)

.rodata         0x00000000000094dc      0x118
                0x00000000000094dc                PROVIDE (__ram_rodata_start = ABSOLUTE (.))
                0x00000000000094dc                . = ALIGN (0x4)
 *(.rodata .rodata.* .gnu.linkonce.r.*)
 .rodata.str1.4
                0x00000000000094dc       0x12 obj/default/hello_world_small.o
 *fill*         0x00000000000094ee        0x2 
 .rodata._puts_r.str1.4
                0x00000000000094f0        0x4 /opt/intelFPGA_lite/20.1/nios2eds/bin/gnu/H-x86_64-pc-linux-gnu/bin/../lib/gcc/nios2-elf/9.2.1/../../../../../H-x86_64-pc-linux-gnu/nios2-elf/lib/mno-hw-mul/libsmallc.a(lib_a-puts.o)
                                          0x2 (size before relaxing)
 .rodata        0x00000000000094f4      0x100 /opt/intelFPGA_lite/20.1/nios2eds/bin/gnu/H-x86_64-pc-linux-gnu/bin/../lib/gcc/nios2-elf/9.2.1/mno-hw-mul/libgcc.a(_clz.o)
                0x00000000000094f4                __clz_tab
 *(.rodata1)
                0x00000000000095f4                . = ALIGN (0x4)
                0x00000000000095f4                PROVIDE (__ram_rodata_end = ABSOLUTE (.))
                0x00000000000094dc                PROVIDE (__flash_rodata_start = LOADADDR (.rodata))

.rwdata         0x00000000000095f4       0xfc load address 0x00000000000096f0
                0x00000000000095f4                PROVIDE (__ram_rwdata_start = ABSOLUTE (.))
                0x00000000000095f4                . = ALIGN (0x4)
 *(.got.plt)
 *(.got)
 *(.data1)
 *(.data .data.* .gnu.linkonce.d.*)
 .data          0x00000000000095f4        0x0 ../CollendaProgram_bsp//obj/HAL/src/crt0.o
 .data          0x00000000000095f4        0x0 obj/default/hello_world_small.o
 .data          0x00000000000095f4        0x0 /opt/intelFPGA_lite/20.1/nios2eds/bin/gnu/H-x86_64-pc-linux-gnu/bin/../lib/gcc/nios2-elf/9.2.1/mno-hw-mul/libgcc.a(lib2-divmod.o)
 .data          0x00000000000095f4        0x0 /opt/intelFPGA_lite/20.1/nios2eds/bin/gnu/H-x86_64-pc-linux-gnu/bin/../lib/gcc/nios2-elf/9.2.1/../../../../../H-x86_64-pc-linux-gnu/nios2-elf/lib/mno-hw-mul/libsmallc.a(lib_a-puts.o)
 .data          0x00000000000095f4        0x0 /opt/intelFPGA_lite/20.1/nios2eds/bin/gnu/H-x86_64-pc-linux-gnu/bin/../lib/gcc/nios2-elf/9.2.1/../../../../../H-x86_64-pc-linux-gnu/nios2-elf/lib/mno-hw-mul/libsmallc.a(lib_a-rand.o)
 .data          0x00000000000095f4        0x0 /opt/intelFPGA_lite/20.1/nios2eds/bin/gnu/H-x86_64-pc-linux-gnu/bin/../lib/gcc/nios2-elf/9.2.1/../../../../../H-x86_64-pc-linux-gnu/nios2-elf/lib/mno-hw-mul/libsmallc.a(lib_a-strlen.o)
 .data          0x00000000000095f4        0x0 /opt/intelFPGA_lite/20.1/nios2eds/bin/gnu/H-x86_64-pc-linux-gnu/bin/../lib/gcc/nios2-elf/9.2.1/../../../../../H-x86_64-pc-linux-gnu/nios2-elf/lib/mno-hw-mul/libsmallc.a(lib_a-time.o)
 .data          0x00000000000095f4        0x0 /opt/intelFPGA_lite/20.1/nios2eds/bin/gnu/H-x86_64-pc-linux-gnu/bin/../lib/gcc/nios2-elf/9.2.1/../../../../../H-x86_64-pc-linux-gnu/nios2-elf/lib/mno-hw-mul/libsmallc.a(lib_a-fvwrite_small_dev.o)
 .data          0x00000000000095f4        0x0 /opt/intelFPGA_lite/20.1/nios2eds/bin/gnu/H-x86_64-pc-linux-gnu/bin/../lib/gcc/nios2-elf/9.2.1/../../../../../H-x86_64-pc-linux-gnu/nios2-elf/lib/mno-hw-mul/libsmallc.a(lib_a-gettimeofdayr.o)
 .data          0x00000000000095f4        0x0 /opt/intelFPGA_lite/20.1/nios2eds/bin/gnu/H-x86_64-pc-linux-gnu/bin/../lib/gcc/nios2-elf/9.2.1/../../../../../H-x86_64-pc-linux-gnu/nios2-elf/lib/mno-hw-mul/libsmallc.a(lib_a-impure.o)
 .data.impure_data
                0x00000000000095f4       0xe4 /opt/intelFPGA_lite/20.1/nios2eds/bin/gnu/H-x86_64-pc-linux-gnu/bin/../lib/gcc/nios2-elf/9.2.1/../../../../../H-x86_64-pc-linux-gnu/nios2-elf/lib/mno-hw-mul/libsmallc.a(lib_a-impure.o)
 .data          0x00000000000096d8        0x0 /opt/intelFPGA_lite/20.1/nios2eds/bin/gnu/H-x86_64-pc-linux-gnu/bin/../lib/gcc/nios2-elf/9.2.1/../../../../../H-x86_64-pc-linux-gnu/nios2-elf/lib/mno-hw-mul/libsmallc.a(lib_a-int_errno.o)
 .data          0x00000000000096d8        0x0 /opt/intelFPGA_lite/20.1/nios2eds/bin/gnu/H-x86_64-pc-linux-gnu/bin/../lib/gcc/nios2-elf/9.2.1/../../../../../H-x86_64-pc-linux-gnu/nios2-elf/lib/mno-hw-mul/libsmallc.a(lib_a-writer.o)
 .data          0x00000000000096d8        0x0 /opt/intelFPGA_lite/20.1/nios2eds/bin/gnu/H-x86_64-pc-linux-gnu/bin/../lib/gcc/nios2-elf/9.2.1/mno-hw-mul/libgcc.a(_muldi3.o)
 .data          0x00000000000096d8        0x0 /opt/intelFPGA_lite/20.1/nios2eds/bin/gnu/H-x86_64-pc-linux-gnu/bin/../lib/gcc/nios2-elf/9.2.1/mno-hw-mul/libgcc.a(lib2-mul.o)
 .data          0x00000000000096d8        0x0 ../CollendaProgram_bsp//libhal_bsp.a(alt_gettod.o)
 .data          0x00000000000096d8        0x0 ../CollendaProgram_bsp//libhal_bsp.a(alt_load.o)
 .data          0x00000000000096d8        0x0 ../CollendaProgram_bsp//libhal_bsp.a(alt_main.o)
 .data          0x00000000000096d8        0x0 ../CollendaProgram_bsp//libhal_bsp.a(alt_tick.o)
 .data          0x00000000000096d8        0x0 ../CollendaProgram_bsp//libhal_bsp.a(alt_write.o)
 .data          0x00000000000096d8        0x0 ../CollendaProgram_bsp//libhal_bsp.a(alt_sys_init.o)
 .data          0x00000000000096d8        0x0 ../CollendaProgram_bsp//libhal_bsp.a(altera_avalon_jtag_uart_write.o)
 .data          0x00000000000096d8        0x0 ../CollendaProgram_bsp//libhal_bsp.a(alt_dcache_flush_all.o)
 .data          0x00000000000096d8        0x0 ../CollendaProgram_bsp//libhal_bsp.a(alt_errno.o)
 .data          0x00000000000096d8        0x0 ../CollendaProgram_bsp//libhal_bsp.a(alt_icache_flush_all.o)
 .data          0x00000000000096d8        0x0 ../CollendaProgram_bsp//libhal_bsp.a(altera_nios2_gen2_irq.o)
 .data          0x00000000000096d8        0x0 /opt/intelFPGA_lite/20.1/nios2eds/bin/gnu/H-x86_64-pc-linux-gnu/bin/../lib/gcc/nios2-elf/9.2.1/mno-hw-mul/libgcc.a(_umoddi3.o)
 .data          0x00000000000096d8        0x0 /opt/intelFPGA_lite/20.1/nios2eds/bin/gnu/H-x86_64-pc-linux-gnu/bin/../lib/gcc/nios2-elf/9.2.1/mno-hw-mul/libgcc.a(_clz.o)
                0x00000000000116d8                _gp = ABSOLUTE ((. + 0x8000))
                [!provide]                        PROVIDE (gp = _gp)
 *(.rwdata .rwdata.*)
 *(.sdata .sdata.* .gnu.linkonce.s.*)
 .sdata._global_impure_ptr
                0x00000000000096d8        0x4 /opt/intelFPGA_lite/20.1/nios2eds/bin/gnu/H-x86_64-pc-linux-gnu/bin/../lib/gcc/nios2-elf/9.2.1/../../../../../H-x86_64-pc-linux-gnu/nios2-elf/lib/mno-hw-mul/libsmallc.a(lib_a-impure.o)
                0x00000000000096d8                _global_impure_ptr
 .sdata._impure_ptr
                0x00000000000096dc        0x4 /opt/intelFPGA_lite/20.1/nios2eds/bin/gnu/H-x86_64-pc-linux-gnu/bin/../lib/gcc/nios2-elf/9.2.1/../../../../../H-x86_64-pc-linux-gnu/nios2-elf/lib/mno-hw-mul/libsmallc.a(lib_a-impure.o)
                0x00000000000096dc                _impure_ptr
 .sdata         0x00000000000096e0        0x8 ../CollendaProgram_bsp//libhal_bsp.a(alt_tick.o)
                0x00000000000096e0                alt_alarm_list
 .sdata         0x00000000000096e8        0x4 ../CollendaProgram_bsp//libhal_bsp.a(alt_sys_init.o)
                0x00000000000096e8                jtag_uart_0
 .sdata         0x00000000000096ec        0x4 ../CollendaProgram_bsp//libhal_bsp.a(alt_errno.o)
                0x00000000000096ec                alt_errno
 *(.sdata2 .sdata2.* .gnu.linkonce.s2.*)
                0x00000000000096f0                . = ALIGN (0x4)
                0x00000000000096f0                _edata = ABSOLUTE (.)
                [!provide]                        PROVIDE (edata = ABSOLUTE (.))
                0x00000000000096f0                PROVIDE (__ram_rwdata_end = ABSOLUTE (.))
                0x00000000000096f0                PROVIDE (__flash_rwdata_start = LOADADDR (.rwdata))

.bss            0x00000000000097ec       0x30
                0x00000000000097ec                __bss_start = ABSOLUTE (.)
                [!provide]                        PROVIDE (__sbss_start = ABSOLUTE (.))
                [!provide]                        PROVIDE (___sbss_start = ABSOLUTE (.))
 *(.dynsbss)
 *(.sbss .sbss.* .gnu.linkonce.sb.*)
 .sbss._randbits
                0x00000000000097ec        0x8 /opt/intelFPGA_lite/20.1/nios2eds/bin/gnu/H-x86_64-pc-linux-gnu/bin/../lib/gcc/nios2-elf/9.2.1/../../../../../H-x86_64-pc-linux-gnu/nios2-elf/lib/mno-hw-mul/libsmallc.a(lib_a-rand.o)
 .sbss          0x00000000000097f4        0x4 /opt/intelFPGA_lite/20.1/nios2eds/bin/gnu/H-x86_64-pc-linux-gnu/bin/../lib/gcc/nios2-elf/9.2.1/../../../../../H-x86_64-pc-linux-gnu/nios2-elf/lib/mno-hw-mul/libsmallc.a(lib_a-int_errno.o)
                0x00000000000097f4                errno
 .sbss          0x00000000000097f8       0x10 ../CollendaProgram_bsp//libhal_bsp.a(alt_gettod.o)
                0x00000000000097f8                alt_resettime
                0x0000000000009800                alt_timezone
 .sbss          0x0000000000009808        0xc ../CollendaProgram_bsp//libhal_bsp.a(alt_main.o)
                0x0000000000009808                alt_envp
                0x000000000000980c                alt_argv
                0x0000000000009810                alt_argc
 .sbss          0x0000000000009814        0x8 ../CollendaProgram_bsp//libhal_bsp.a(alt_tick.o)
                0x0000000000009814                _alt_nticks
                0x0000000000009818                _alt_tick_rate
 *(.sbss2 .sbss2.* .gnu.linkonce.sb2.*)
 *(.scommon)
                [!provide]                        PROVIDE (__sbss_end = ABSOLUTE (.))
                [!provide]                        PROVIDE (___sbss_end = ABSOLUTE (.))
 *(.dynbss)
 *(.bss .bss.* .gnu.linkonce.b.*)
 .bss           0x000000000000981c        0x0 ../CollendaProgram_bsp//obj/HAL/src/crt0.o
 .bss           0x000000000000981c        0x0 obj/default/hello_world_small.o
 .bss           0x000000000000981c        0x0 /opt/intelFPGA_lite/20.1/nios2eds/bin/gnu/H-x86_64-pc-linux-gnu/bin/../lib/gcc/nios2-elf/9.2.1/mno-hw-mul/libgcc.a(lib2-divmod.o)
 .bss           0x000000000000981c        0x0 /opt/intelFPGA_lite/20.1/nios2eds/bin/gnu/H-x86_64-pc-linux-gnu/bin/../lib/gcc/nios2-elf/9.2.1/../../../../../H-x86_64-pc-linux-gnu/nios2-elf/lib/mno-hw-mul/libsmallc.a(lib_a-puts.o)
 .bss           0x000000000000981c        0x0 /opt/intelFPGA_lite/20.1/nios2eds/bin/gnu/H-x86_64-pc-linux-gnu/bin/../lib/gcc/nios2-elf/9.2.1/../../../../../H-x86_64-pc-linux-gnu/nios2-elf/lib/mno-hw-mul/libsmallc.a(lib_a-rand.o)
 .bss           0x000000000000981c        0x0 /opt/intelFPGA_lite/20.1/nios2eds/bin/gnu/H-x86_64-pc-linux-gnu/bin/../lib/gcc/nios2-elf/9.2.1/../../../../../H-x86_64-pc-linux-gnu/nios2-elf/lib/mno-hw-mul/libsmallc.a(lib_a-strlen.o)
 .bss           0x000000000000981c        0x0 /opt/intelFPGA_lite/20.1/nios2eds/bin/gnu/H-x86_64-pc-linux-gnu/bin/../lib/gcc/nios2-elf/9.2.1/../../../../../H-x86_64-pc-linux-gnu/nios2-elf/lib/mno-hw-mul/libsmallc.a(lib_a-time.o)
 .bss           0x000000000000981c        0x0 /opt/intelFPGA_lite/20.1/nios2eds/bin/gnu/H-x86_64-pc-linux-gnu/bin/../lib/gcc/nios2-elf/9.2.1/../../../../../H-x86_64-pc-linux-gnu/nios2-elf/lib/mno-hw-mul/libsmallc.a(lib_a-fvwrite_small_dev.o)
 .bss           0x000000000000981c        0x0 /opt/intelFPGA_lite/20.1/nios2eds/bin/gnu/H-x86_64-pc-linux-gnu/bin/../lib/gcc/nios2-elf/9.2.1/../../../../../H-x86_64-pc-linux-gnu/nios2-elf/lib/mno-hw-mul/libsmallc.a(lib_a-gettimeofdayr.o)
 .bss           0x000000000000981c        0x0 /opt/intelFPGA_lite/20.1/nios2eds/bin/gnu/H-x86_64-pc-linux-gnu/bin/../lib/gcc/nios2-elf/9.2.1/../../../../../H-x86_64-pc-linux-gnu/nios2-elf/lib/mno-hw-mul/libsmallc.a(lib_a-impure.o)
 .bss           0x000000000000981c        0x0 /opt/intelFPGA_lite/20.1/nios2eds/bin/gnu/H-x86_64-pc-linux-gnu/bin/../lib/gcc/nios2-elf/9.2.1/../../../../../H-x86_64-pc-linux-gnu/nios2-elf/lib/mno-hw-mul/libsmallc.a(lib_a-int_errno.o)
 .bss           0x000000000000981c        0x0 /opt/intelFPGA_lite/20.1/nios2eds/bin/gnu/H-x86_64-pc-linux-gnu/bin/../lib/gcc/nios2-elf/9.2.1/../../../../../H-x86_64-pc-linux-gnu/nios2-elf/lib/mno-hw-mul/libsmallc.a(lib_a-writer.o)
 .bss           0x000000000000981c        0x0 /opt/intelFPGA_lite/20.1/nios2eds/bin/gnu/H-x86_64-pc-linux-gnu/bin/../lib/gcc/nios2-elf/9.2.1/mno-hw-mul/libgcc.a(_muldi3.o)
 .bss           0x000000000000981c        0x0 /opt/intelFPGA_lite/20.1/nios2eds/bin/gnu/H-x86_64-pc-linux-gnu/bin/../lib/gcc/nios2-elf/9.2.1/mno-hw-mul/libgcc.a(lib2-mul.o)
 .bss           0x000000000000981c        0x0 ../CollendaProgram_bsp//libhal_bsp.a(alt_gettod.o)
 .bss           0x000000000000981c        0x0 ../CollendaProgram_bsp//libhal_bsp.a(alt_load.o)
 .bss           0x000000000000981c        0x0 ../CollendaProgram_bsp//libhal_bsp.a(alt_main.o)
 .bss           0x000000000000981c        0x0 ../CollendaProgram_bsp//libhal_bsp.a(alt_tick.o)
 .bss           0x000000000000981c        0x0 ../CollendaProgram_bsp//libhal_bsp.a(alt_write.o)
 .bss           0x000000000000981c        0x0 ../CollendaProgram_bsp//libhal_bsp.a(alt_sys_init.o)
 .bss           0x000000000000981c        0x0 ../CollendaProgram_bsp//libhal_bsp.a(altera_avalon_jtag_uart_write.o)
 .bss           0x000000000000981c        0x0 ../CollendaProgram_bsp//libhal_bsp.a(alt_dcache_flush_all.o)
 .bss           0x000000000000981c        0x0 ../CollendaProgram_bsp//libhal_bsp.a(alt_errno.o)
 .bss           0x000000000000981c        0x0 ../CollendaProgram_bsp//libhal_bsp.a(alt_icache_flush_all.o)
 .bss           0x000000000000981c        0x0 ../CollendaProgram_bsp//libhal_bsp.a(altera_nios2_gen2_irq.o)
 .bss           0x000000000000981c        0x0 /opt/intelFPGA_lite/20.1/nios2eds/bin/gnu/H-x86_64-pc-linux-gnu/bin/../lib/gcc/nios2-elf/9.2.1/mno-hw-mul/libgcc.a(_umoddi3.o)
 .bss           0x000000000000981c        0x0 /opt/intelFPGA_lite/20.1/nios2eds/bin/gnu/H-x86_64-pc-linux-gnu/bin/../lib/gcc/nios2-elf/9.2.1/mno-hw-mul/libgcc.a(_clz.o)
 *(COMMON)
                0x000000000000981c                . = ALIGN (0x4)
                0x000000000000981c                __bss_end = ABSOLUTE (.)

.onchip_memory2_0
                0x000000000000981c        0x0
                [!provide]                        PROVIDE (_alt_partition_onchip_memory2_0_start = ABSOLUTE (.))
 *(.onchip_memory2_0 .onchip_memory2_0. onchip_memory2_0.*)
                0x000000000000981c                . = ALIGN (0x4)
                [!provide]                        PROVIDE (_alt_partition_onchip_memory2_0_end = ABSOLUTE (.))
                0x000000000000981c                _end = ABSOLUTE (.)
                0x000000000000981c                end = ABSOLUTE (.)
                0x000000000000981c                __alt_stack_base = ABSOLUTE (.)
                [!provide]                        PROVIDE (_alt_partition_onchip_memory2_0_load_addr = LOADADDR (.onchip_memory2_0))

.stab
 *(.stab)

.stabstr
 *(.stabstr)

.stab.excl
 *(.stab.excl)

.stab.exclstr
 *(.stab.exclstr)

.stab.index
 *(.stab.index)

.stab.indexstr
 *(.stab.indexstr)

.comment        0x0000000000000000       0x4f
 *(.comment)
 .comment       0x0000000000000000       0x2c obj/default/hello_world_small.o
                                         0x2d (size before relaxing)
 .comment       0x000000000000002c       0x2d /opt/intelFPGA_lite/20.1/nios2eds/bin/gnu/H-x86_64-pc-linux-gnu/bin/../lib/gcc/nios2-elf/9.2.1/mno-hw-mul/libgcc.a(lib2-divmod.o)
 .comment       0x000000000000002c       0x2d /opt/intelFPGA_lite/20.1/nios2eds/bin/gnu/H-x86_64-pc-linux-gnu/bin/../lib/gcc/nios2-elf/9.2.1/../../../../../H-x86_64-pc-linux-gnu/nios2-elf/lib/mno-hw-mul/libsmallc.a(lib_a-puts.o)
 .comment       0x000000000000002c       0x2d /opt/intelFPGA_lite/20.1/nios2eds/bin/gnu/H-x86_64-pc-linux-gnu/bin/../lib/gcc/nios2-elf/9.2.1/../../../../../H-x86_64-pc-linux-gnu/nios2-elf/lib/mno-hw-mul/libsmallc.a(lib_a-rand.o)
 .comment       0x000000000000002c       0x2d /opt/intelFPGA_lite/20.1/nios2eds/bin/gnu/H-x86_64-pc-linux-gnu/bin/../lib/gcc/nios2-elf/9.2.1/../../../../../H-x86_64-pc-linux-gnu/nios2-elf/lib/mno-hw-mul/libsmallc.a(lib_a-strlen.o)
 .comment       0x000000000000002c       0x2d /opt/intelFPGA_lite/20.1/nios2eds/bin/gnu/H-x86_64-pc-linux-gnu/bin/../lib/gcc/nios2-elf/9.2.1/../../../../../H-x86_64-pc-linux-gnu/nios2-elf/lib/mno-hw-mul/libsmallc.a(lib_a-time.o)
 .comment       0x000000000000002c       0x2d /opt/intelFPGA_lite/20.1/nios2eds/bin/gnu/H-x86_64-pc-linux-gnu/bin/../lib/gcc/nios2-elf/9.2.1/../../../../../H-x86_64-pc-linux-gnu/nios2-elf/lib/mno-hw-mul/libsmallc.a(lib_a-fvwrite_small_dev.o)
 .comment       0x000000000000002c       0x2d /opt/intelFPGA_lite/20.1/nios2eds/bin/gnu/H-x86_64-pc-linux-gnu/bin/../lib/gcc/nios2-elf/9.2.1/../../../../../H-x86_64-pc-linux-gnu/nios2-elf/lib/mno-hw-mul/libsmallc.a(lib_a-gettimeofdayr.o)
 .comment       0x000000000000002c       0x2d /opt/intelFPGA_lite/20.1/nios2eds/bin/gnu/H-x86_64-pc-linux-gnu/bin/../lib/gcc/nios2-elf/9.2.1/../../../../../H-x86_64-pc-linux-gnu/nios2-elf/lib/mno-hw-mul/libsmallc.a(lib_a-impure.o)
 .comment       0x000000000000002c       0x2d /opt/intelFPGA_lite/20.1/nios2eds/bin/gnu/H-x86_64-pc-linux-gnu/bin/../lib/gcc/nios2-elf/9.2.1/../../../../../H-x86_64-pc-linux-gnu/nios2-elf/lib/mno-hw-mul/libsmallc.a(lib_a-int_errno.o)
 .comment       0x000000000000002c       0x2d /opt/intelFPGA_lite/20.1/nios2eds/bin/gnu/H-x86_64-pc-linux-gnu/bin/../lib/gcc/nios2-elf/9.2.1/../../../../../H-x86_64-pc-linux-gnu/nios2-elf/lib/mno-hw-mul/libsmallc.a(lib_a-writer.o)
 .comment       0x000000000000002c       0x2d /opt/intelFPGA_lite/20.1/nios2eds/bin/gnu/H-x86_64-pc-linux-gnu/bin/../lib/gcc/nios2-elf/9.2.1/mno-hw-mul/libgcc.a(_muldi3.o)
 .comment       0x000000000000002c       0x2d /opt/intelFPGA_lite/20.1/nios2eds/bin/gnu/H-x86_64-pc-linux-gnu/bin/../lib/gcc/nios2-elf/9.2.1/mno-hw-mul/libgcc.a(lib2-mul.o)
 .comment       0x000000000000002c       0x23 ../CollendaProgram_bsp//libhal_bsp.a(alt_gettod.o)
                                         0x24 (size before relaxing)
 .comment       0x000000000000004f       0x24 ../CollendaProgram_bsp//libhal_bsp.a(alt_load.o)
 .comment       0x000000000000004f       0x2d ../CollendaProgram_bsp//libhal_bsp.a(alt_main.o)
 .comment       0x000000000000004f       0x2d ../CollendaProgram_bsp//libhal_bsp.a(alt_tick.o)
 .comment       0x000000000000004f       0x2d ../CollendaProgram_bsp//libhal_bsp.a(alt_write.o)
 .comment       0x000000000000004f       0x2d ../CollendaProgram_bsp//libhal_bsp.a(alt_sys_init.o)
 .comment       0x000000000000004f       0x2d ../CollendaProgram_bsp//libhal_bsp.a(altera_avalon_jtag_uart_write.o)
 .comment       0x000000000000004f       0x2d ../CollendaProgram_bsp//libhal_bsp.a(alt_dcache_flush_all.o)
 .comment       0x000000000000004f       0x24 ../CollendaProgram_bsp//libhal_bsp.a(alt_errno.o)
 .comment       0x000000000000004f       0x2d ../CollendaProgram_bsp//libhal_bsp.a(alt_icache_flush_all.o)
 .comment       0x000000000000004f       0x2d ../CollendaProgram_bsp//libhal_bsp.a(altera_nios2_gen2_irq.o)
 .comment       0x000000000000004f       0x2d /opt/intelFPGA_lite/20.1/nios2eds/bin/gnu/H-x86_64-pc-linux-gnu/bin/../lib/gcc/nios2-elf/9.2.1/mno-hw-mul/libgcc.a(_umoddi3.o)
 .comment       0x000000000000004f       0x2d /opt/intelFPGA_lite/20.1/nios2eds/bin/gnu/H-x86_64-pc-linux-gnu/bin/../lib/gcc/nios2-elf/9.2.1/mno-hw-mul/libgcc.a(_clz.o)

.debug
 *(.debug)

.line
 *(.line)

.debug_srcinfo
 *(.debug_srcinfo)

.debug_sfnames
 *(.debug_sfnames)

.debug_aranges  0x0000000000000000      0x360
 *(.debug_aranges)
 .debug_aranges
                0x0000000000000000       0x28 ../CollendaProgram_bsp//obj/HAL/src/crt0.o
 .debug_aranges
                0x0000000000000028       0x28 obj/default/hello_world_small.o
 .debug_aranges
                0x0000000000000050       0x20 /opt/intelFPGA_lite/20.1/nios2eds/bin/gnu/H-x86_64-pc-linux-gnu/bin/../lib/gcc/nios2-elf/9.2.1/mno-hw-mul/libgcc.a(lib2-divmod.o)
 .debug_aranges
                0x0000000000000070       0x28 /opt/intelFPGA_lite/20.1/nios2eds/bin/gnu/H-x86_64-pc-linux-gnu/bin/../lib/gcc/nios2-elf/9.2.1/../../../../../H-x86_64-pc-linux-gnu/nios2-elf/lib/mno-hw-mul/libsmallc.a(lib_a-puts.o)
 .debug_aranges
                0x0000000000000098       0x28 /opt/intelFPGA_lite/20.1/nios2eds/bin/gnu/H-x86_64-pc-linux-gnu/bin/../lib/gcc/nios2-elf/9.2.1/../../../../../H-x86_64-pc-linux-gnu/nios2-elf/lib/mno-hw-mul/libsmallc.a(lib_a-rand.o)
 .debug_aranges
                0x00000000000000c0       0x20 /opt/intelFPGA_lite/20.1/nios2eds/bin/gnu/H-x86_64-pc-linux-gnu/bin/../lib/gcc/nios2-elf/9.2.1/../../../../../H-x86_64-pc-linux-gnu/nios2-elf/lib/mno-hw-mul/libsmallc.a(lib_a-strlen.o)
 .debug_aranges
                0x00000000000000e0       0x20 /opt/intelFPGA_lite/20.1/nios2eds/bin/gnu/H-x86_64-pc-linux-gnu/bin/../lib/gcc/nios2-elf/9.2.1/../../../../../H-x86_64-pc-linux-gnu/nios2-elf/lib/mno-hw-mul/libsmallc.a(lib_a-time.o)
 .debug_aranges
                0x0000000000000100       0x20 /opt/intelFPGA_lite/20.1/nios2eds/bin/gnu/H-x86_64-pc-linux-gnu/bin/../lib/gcc/nios2-elf/9.2.1/../../../../../H-x86_64-pc-linux-gnu/nios2-elf/lib/mno-hw-mul/libsmallc.a(lib_a-fvwrite_small_dev.o)
 .debug_aranges
                0x0000000000000120       0x20 /opt/intelFPGA_lite/20.1/nios2eds/bin/gnu/H-x86_64-pc-linux-gnu/bin/../lib/gcc/nios2-elf/9.2.1/../../../../../H-x86_64-pc-linux-gnu/nios2-elf/lib/mno-hw-mul/libsmallc.a(lib_a-gettimeofdayr.o)
 .debug_aranges
                0x0000000000000140       0x18 /opt/intelFPGA_lite/20.1/nios2eds/bin/gnu/H-x86_64-pc-linux-gnu/bin/../lib/gcc/nios2-elf/9.2.1/../../../../../H-x86_64-pc-linux-gnu/nios2-elf/lib/mno-hw-mul/libsmallc.a(lib_a-impure.o)
 .debug_aranges
                0x0000000000000158       0x18 /opt/intelFPGA_lite/20.1/nios2eds/bin/gnu/H-x86_64-pc-linux-gnu/bin/../lib/gcc/nios2-elf/9.2.1/../../../../../H-x86_64-pc-linux-gnu/nios2-elf/lib/mno-hw-mul/libsmallc.a(lib_a-int_errno.o)
 .debug_aranges
                0x0000000000000170       0x20 /opt/intelFPGA_lite/20.1/nios2eds/bin/gnu/H-x86_64-pc-linux-gnu/bin/../lib/gcc/nios2-elf/9.2.1/../../../../../H-x86_64-pc-linux-gnu/nios2-elf/lib/mno-hw-mul/libsmallc.a(lib_a-writer.o)
 .debug_aranges
                0x0000000000000190       0x20 /opt/intelFPGA_lite/20.1/nios2eds/bin/gnu/H-x86_64-pc-linux-gnu/bin/../lib/gcc/nios2-elf/9.2.1/mno-hw-mul/libgcc.a(_muldi3.o)
 .debug_aranges
                0x00000000000001b0       0x20 /opt/intelFPGA_lite/20.1/nios2eds/bin/gnu/H-x86_64-pc-linux-gnu/bin/../lib/gcc/nios2-elf/9.2.1/mno-hw-mul/libgcc.a(lib2-mul.o)
 .debug_aranges
                0x00000000000001d0       0x20 ../CollendaProgram_bsp//libhal_bsp.a(alt_gettod.o)
 .debug_aranges
                0x00000000000001f0       0x20 ../CollendaProgram_bsp//libhal_bsp.a(alt_load.o)
 .debug_aranges
                0x0000000000000210       0x20 ../CollendaProgram_bsp//libhal_bsp.a(alt_main.o)
 .debug_aranges
                0x0000000000000230       0x20 ../CollendaProgram_bsp//libhal_bsp.a(alt_tick.o)
 .debug_aranges
                0x0000000000000250       0x20 ../CollendaProgram_bsp//libhal_bsp.a(alt_write.o)
 .debug_aranges
                0x0000000000000270       0x20 ../CollendaProgram_bsp//libhal_bsp.a(alt_sys_init.o)
 .debug_aranges
                0x0000000000000290       0x20 ../CollendaProgram_bsp//libhal_bsp.a(altera_avalon_jtag_uart_write.o)
 .debug_aranges
                0x00000000000002b0       0x20 ../CollendaProgram_bsp//libhal_bsp.a(alt_dcache_flush_all.o)
 .debug_aranges
                0x00000000000002d0       0x18 ../CollendaProgram_bsp//libhal_bsp.a(alt_errno.o)
 .debug_aranges
                0x00000000000002e8       0x20 ../CollendaProgram_bsp//libhal_bsp.a(alt_icache_flush_all.o)
 .debug_aranges
                0x0000000000000308       0x20 ../CollendaProgram_bsp//libhal_bsp.a(altera_nios2_gen2_irq.o)
 .debug_aranges
                0x0000000000000328       0x20 /opt/intelFPGA_lite/20.1/nios2eds/bin/gnu/H-x86_64-pc-linux-gnu/bin/../lib/gcc/nios2-elf/9.2.1/mno-hw-mul/libgcc.a(_umoddi3.o)
 .debug_aranges
                0x0000000000000348       0x18 /opt/intelFPGA_lite/20.1/nios2eds/bin/gnu/H-x86_64-pc-linux-gnu/bin/../lib/gcc/nios2-elf/9.2.1/mno-hw-mul/libgcc.a(_clz.o)

.debug_pubnames
 *(.debug_pubnames)

.debug_info     0x0000000000000000     0xc16d
 *(.debug_info .gnu.linkonce.wi.*)
 .debug_info    0x0000000000000000       0x22 ../CollendaProgram_bsp//obj/HAL/src/crt0.o
 .debug_info    0x0000000000000022      0xfa8 obj/default/hello_world_small.o
 .debug_info    0x0000000000000fca      0x368 /opt/intelFPGA_lite/20.1/nios2eds/bin/gnu/H-x86_64-pc-linux-gnu/bin/../lib/gcc/nios2-elf/9.2.1/mno-hw-mul/libgcc.a(lib2-divmod.o)
 .debug_info    0x0000000000001332      0x8ef /opt/intelFPGA_lite/20.1/nios2eds/bin/gnu/H-x86_64-pc-linux-gnu/bin/../lib/gcc/nios2-elf/9.2.1/../../../../../H-x86_64-pc-linux-gnu/nios2-elf/lib/mno-hw-mul/libsmallc.a(lib_a-puts.o)
 .debug_info    0x0000000000001c21      0x670 /opt/intelFPGA_lite/20.1/nios2eds/bin/gnu/H-x86_64-pc-linux-gnu/bin/../lib/gcc/nios2-elf/9.2.1/../../../../../H-x86_64-pc-linux-gnu/nios2-elf/lib/mno-hw-mul/libsmallc.a(lib_a-rand.o)
 .debug_info    0x0000000000002291      0x649 /opt/intelFPGA_lite/20.1/nios2eds/bin/gnu/H-x86_64-pc-linux-gnu/bin/../lib/gcc/nios2-elf/9.2.1/../../../../../H-x86_64-pc-linux-gnu/nios2-elf/lib/mno-hw-mul/libsmallc.a(lib_a-strlen.o)
 .debug_info    0x00000000000028da      0x6ed /opt/intelFPGA_lite/20.1/nios2eds/bin/gnu/H-x86_64-pc-linux-gnu/bin/../lib/gcc/nios2-elf/9.2.1/../../../../../H-x86_64-pc-linux-gnu/nios2-elf/lib/mno-hw-mul/libsmallc.a(lib_a-time.o)
 .debug_info    0x0000000000002fc7      0x8c4 /opt/intelFPGA_lite/20.1/nios2eds/bin/gnu/H-x86_64-pc-linux-gnu/bin/../lib/gcc/nios2-elf/9.2.1/../../../../../H-x86_64-pc-linux-gnu/nios2-elf/lib/mno-hw-mul/libsmallc.a(lib_a-fvwrite_small_dev.o)
 .debug_info    0x000000000000388b      0x72c /opt/intelFPGA_lite/20.1/nios2eds/bin/gnu/H-x86_64-pc-linux-gnu/bin/../lib/gcc/nios2-elf/9.2.1/../../../../../H-x86_64-pc-linux-gnu/nios2-elf/lib/mno-hw-mul/libsmallc.a(lib_a-gettimeofdayr.o)
 .debug_info    0x0000000000003fb7      0x6e8 /opt/intelFPGA_lite/20.1/nios2eds/bin/gnu/H-x86_64-pc-linux-gnu/bin/../lib/gcc/nios2-elf/9.2.1/../../../../../H-x86_64-pc-linux-gnu/nios2-elf/lib/mno-hw-mul/libsmallc.a(lib_a-impure.o)
 .debug_info    0x000000000000469f      0x614 /opt/intelFPGA_lite/20.1/nios2eds/bin/gnu/H-x86_64-pc-linux-gnu/bin/../lib/gcc/nios2-elf/9.2.1/../../../../../H-x86_64-pc-linux-gnu/nios2-elf/lib/mno-hw-mul/libsmallc.a(lib_a-int_errno.o)
 .debug_info    0x0000000000004cb3      0x720 /opt/intelFPGA_lite/20.1/nios2eds/bin/gnu/H-x86_64-pc-linux-gnu/bin/../lib/gcc/nios2-elf/9.2.1/../../../../../H-x86_64-pc-linux-gnu/nios2-elf/lib/mno-hw-mul/libsmallc.a(lib_a-writer.o)
 .debug_info    0x00000000000053d3      0x317 /opt/intelFPGA_lite/20.1/nios2eds/bin/gnu/H-x86_64-pc-linux-gnu/bin/../lib/gcc/nios2-elf/9.2.1/mno-hw-mul/libgcc.a(_muldi3.o)
 .debug_info    0x00000000000056ea       0xcb /opt/intelFPGA_lite/20.1/nios2eds/bin/gnu/H-x86_64-pc-linux-gnu/bin/../lib/gcc/nios2-elf/9.2.1/mno-hw-mul/libgcc.a(lib2-mul.o)
 .debug_info    0x00000000000057b5      0x1d6 ../CollendaProgram_bsp//libhal_bsp.a(alt_gettod.o)
 .debug_info    0x000000000000598b      0x1c9 ../CollendaProgram_bsp//libhal_bsp.a(alt_load.o)
 .debug_info    0x0000000000005b54      0xeb0 ../CollendaProgram_bsp//libhal_bsp.a(alt_main.o)
 .debug_info    0x0000000000006a04      0xbc5 ../CollendaProgram_bsp//libhal_bsp.a(alt_tick.o)
 .debug_info    0x00000000000075c9      0xf17 ../CollendaProgram_bsp//libhal_bsp.a(alt_write.o)
 .debug_info    0x00000000000084e0      0xa6e ../CollendaProgram_bsp//libhal_bsp.a(alt_sys_init.o)
 .debug_info    0x0000000000008f4e      0xaab ../CollendaProgram_bsp//libhal_bsp.a(altera_avalon_jtag_uart_write.o)
 .debug_info    0x00000000000099f9      0x934 ../CollendaProgram_bsp//libhal_bsp.a(alt_dcache_flush_all.o)
 .debug_info    0x000000000000a32d       0xa6 ../CollendaProgram_bsp//libhal_bsp.a(alt_errno.o)
 .debug_info    0x000000000000a3d3      0x934 ../CollendaProgram_bsp//libhal_bsp.a(alt_icache_flush_all.o)
 .debug_info    0x000000000000ad07      0x955 ../CollendaProgram_bsp//libhal_bsp.a(altera_nios2_gen2_irq.o)
 .debug_info    0x000000000000b65c      0x998 /opt/intelFPGA_lite/20.1/nios2eds/bin/gnu/H-x86_64-pc-linux-gnu/bin/../lib/gcc/nios2-elf/9.2.1/mno-hw-mul/libgcc.a(_umoddi3.o)
 .debug_info    0x000000000000bff4      0x179 /opt/intelFPGA_lite/20.1/nios2eds/bin/gnu/H-x86_64-pc-linux-gnu/bin/../lib/gcc/nios2-elf/9.2.1/mno-hw-mul/libgcc.a(_clz.o)

.debug_abbrev   0x0000000000000000     0x2de3
 *(.debug_abbrev)
 .debug_abbrev  0x0000000000000000       0x12 ../CollendaProgram_bsp//obj/HAL/src/crt0.o
 .debug_abbrev  0x0000000000000012      0x331 obj/default/hello_world_small.o
 .debug_abbrev  0x0000000000000343      0x103 /opt/intelFPGA_lite/20.1/nios2eds/bin/gnu/H-x86_64-pc-linux-gnu/bin/../lib/gcc/nios2-elf/9.2.1/mno-hw-mul/libgcc.a(lib2-divmod.o)
 .debug_abbrev  0x0000000000000446      0x225 /opt/intelFPGA_lite/20.1/nios2eds/bin/gnu/H-x86_64-pc-linux-gnu/bin/../lib/gcc/nios2-elf/9.2.1/../../../../../H-x86_64-pc-linux-gnu/nios2-elf/lib/mno-hw-mul/libsmallc.a(lib_a-puts.o)
 .debug_abbrev  0x000000000000066b      0x1e0 /opt/intelFPGA_lite/20.1/nios2eds/bin/gnu/H-x86_64-pc-linux-gnu/bin/../lib/gcc/nios2-elf/9.2.1/../../../../../H-x86_64-pc-linux-gnu/nios2-elf/lib/mno-hw-mul/libsmallc.a(lib_a-rand.o)
 .debug_abbrev  0x000000000000084b      0x1a8 /opt/intelFPGA_lite/20.1/nios2eds/bin/gnu/H-x86_64-pc-linux-gnu/bin/../lib/gcc/nios2-elf/9.2.1/../../../../../H-x86_64-pc-linux-gnu/nios2-elf/lib/mno-hw-mul/libsmallc.a(lib_a-strlen.o)
 .debug_abbrev  0x00000000000009f3      0x1e4 /opt/intelFPGA_lite/20.1/nios2eds/bin/gnu/H-x86_64-pc-linux-gnu/bin/../lib/gcc/nios2-elf/9.2.1/../../../../../H-x86_64-pc-linux-gnu/nios2-elf/lib/mno-hw-mul/libsmallc.a(lib_a-time.o)
 .debug_abbrev  0x0000000000000bd7      0x238 /opt/intelFPGA_lite/20.1/nios2eds/bin/gnu/H-x86_64-pc-linux-gnu/bin/../lib/gcc/nios2-elf/9.2.1/../../../../../H-x86_64-pc-linux-gnu/nios2-elf/lib/mno-hw-mul/libsmallc.a(lib_a-fvwrite_small_dev.o)
 .debug_abbrev  0x0000000000000e0f      0x1fb /opt/intelFPGA_lite/20.1/nios2eds/bin/gnu/H-x86_64-pc-linux-gnu/bin/../lib/gcc/nios2-elf/9.2.1/../../../../../H-x86_64-pc-linux-gnu/nios2-elf/lib/mno-hw-mul/libsmallc.a(lib_a-gettimeofdayr.o)
 .debug_abbrev  0x000000000000100a      0x18d /opt/intelFPGA_lite/20.1/nios2eds/bin/gnu/H-x86_64-pc-linux-gnu/bin/../lib/gcc/nios2-elf/9.2.1/../../../../../H-x86_64-pc-linux-gnu/nios2-elf/lib/mno-hw-mul/libsmallc.a(lib_a-impure.o)
 .debug_abbrev  0x0000000000001197      0x186 /opt/intelFPGA_lite/20.1/nios2eds/bin/gnu/H-x86_64-pc-linux-gnu/bin/../lib/gcc/nios2-elf/9.2.1/../../../../../H-x86_64-pc-linux-gnu/nios2-elf/lib/mno-hw-mul/libsmallc.a(lib_a-int_errno.o)
 .debug_abbrev  0x000000000000131d      0x1ec /opt/intelFPGA_lite/20.1/nios2eds/bin/gnu/H-x86_64-pc-linux-gnu/bin/../lib/gcc/nios2-elf/9.2.1/../../../../../H-x86_64-pc-linux-gnu/nios2-elf/lib/mno-hw-mul/libsmallc.a(lib_a-writer.o)
 .debug_abbrev  0x0000000000001509      0x157 /opt/intelFPGA_lite/20.1/nios2eds/bin/gnu/H-x86_64-pc-linux-gnu/bin/../lib/gcc/nios2-elf/9.2.1/mno-hw-mul/libgcc.a(_muldi3.o)
 .debug_abbrev  0x0000000000001660       0x7d /opt/intelFPGA_lite/20.1/nios2eds/bin/gnu/H-x86_64-pc-linux-gnu/bin/../lib/gcc/nios2-elf/9.2.1/mno-hw-mul/libgcc.a(lib2-mul.o)
 .debug_abbrev  0x00000000000016dd      0x102 ../CollendaProgram_bsp//libhal_bsp.a(alt_gettod.o)
 .debug_abbrev  0x00000000000017df       0xd8 ../CollendaProgram_bsp//libhal_bsp.a(alt_load.o)
 .debug_abbrev  0x00000000000018b7      0x252 ../CollendaProgram_bsp//libhal_bsp.a(alt_main.o)
 .debug_abbrev  0x0000000000001b09      0x2df ../CollendaProgram_bsp//libhal_bsp.a(alt_tick.o)
 .debug_abbrev  0x0000000000001de8      0x28a ../CollendaProgram_bsp//libhal_bsp.a(alt_write.o)
 .debug_abbrev  0x0000000000002072      0x279 ../CollendaProgram_bsp//libhal_bsp.a(alt_sys_init.o)
 .debug_abbrev  0x00000000000022eb      0x251 ../CollendaProgram_bsp//libhal_bsp.a(altera_avalon_jtag_uart_write.o)
 .debug_abbrev  0x000000000000253c      0x1e0 ../CollendaProgram_bsp//libhal_bsp.a(alt_dcache_flush_all.o)
 .debug_abbrev  0x000000000000271c       0x5a ../CollendaProgram_bsp//libhal_bsp.a(alt_errno.o)
 .debug_abbrev  0x0000000000002776      0x1e0 ../CollendaProgram_bsp//libhal_bsp.a(alt_icache_flush_all.o)
 .debug_abbrev  0x0000000000002956      0x1e5 ../CollendaProgram_bsp//libhal_bsp.a(altera_nios2_gen2_irq.o)
 .debug_abbrev  0x0000000000002b3b      0x200 /opt/intelFPGA_lite/20.1/nios2eds/bin/gnu/H-x86_64-pc-linux-gnu/bin/../lib/gcc/nios2-elf/9.2.1/mno-hw-mul/libgcc.a(_umoddi3.o)
 .debug_abbrev  0x0000000000002d3b       0xa8 /opt/intelFPGA_lite/20.1/nios2eds/bin/gnu/H-x86_64-pc-linux-gnu/bin/../lib/gcc/nios2-elf/9.2.1/mno-hw-mul/libgcc.a(_clz.o)

.debug_line     0x0000000000000000     0x3892
 *(.debug_line)
 .debug_line    0x0000000000000000       0x66 ../CollendaProgram_bsp//obj/HAL/src/crt0.o
 .debug_line    0x0000000000000066      0x6ad obj/default/hello_world_small.o
 .debug_line    0x0000000000000713      0x2f9 /opt/intelFPGA_lite/20.1/nios2eds/bin/gnu/H-x86_64-pc-linux-gnu/bin/../lib/gcc/nios2-elf/9.2.1/mno-hw-mul/libgcc.a(lib2-divmod.o)
 .debug_line    0x0000000000000a0c      0x264 /opt/intelFPGA_lite/20.1/nios2eds/bin/gnu/H-x86_64-pc-linux-gnu/bin/../lib/gcc/nios2-elf/9.2.1/../../../../../H-x86_64-pc-linux-gnu/nios2-elf/lib/mno-hw-mul/libsmallc.a(lib_a-puts.o)
 .debug_line    0x0000000000000c70      0x22d /opt/intelFPGA_lite/20.1/nios2eds/bin/gnu/H-x86_64-pc-linux-gnu/bin/../lib/gcc/nios2-elf/9.2.1/../../../../../H-x86_64-pc-linux-gnu/nios2-elf/lib/mno-hw-mul/libsmallc.a(lib_a-rand.o)
 .debug_line    0x0000000000000e9d      0x1fa /opt/intelFPGA_lite/20.1/nios2eds/bin/gnu/H-x86_64-pc-linux-gnu/bin/../lib/gcc/nios2-elf/9.2.1/../../../../../H-x86_64-pc-linux-gnu/nios2-elf/lib/mno-hw-mul/libsmallc.a(lib_a-strlen.o)
 .debug_line    0x0000000000001097      0x2ab /opt/intelFPGA_lite/20.1/nios2eds/bin/gnu/H-x86_64-pc-linux-gnu/bin/../lib/gcc/nios2-elf/9.2.1/../../../../../H-x86_64-pc-linux-gnu/nios2-elf/lib/mno-hw-mul/libsmallc.a(lib_a-time.o)
 .debug_line    0x0000000000001342      0x275 /opt/intelFPGA_lite/20.1/nios2eds/bin/gnu/H-x86_64-pc-linux-gnu/bin/../lib/gcc/nios2-elf/9.2.1/../../../../../H-x86_64-pc-linux-gnu/nios2-elf/lib/mno-hw-mul/libsmallc.a(lib_a-fvwrite_small_dev.o)
 .debug_line    0x00000000000015b7      0x2c0 /opt/intelFPGA_lite/20.1/nios2eds/bin/gnu/H-x86_64-pc-linux-gnu/bin/../lib/gcc/nios2-elf/9.2.1/../../../../../H-x86_64-pc-linux-gnu/nios2-elf/lib/mno-hw-mul/libsmallc.a(lib_a-gettimeofdayr.o)
 .debug_line    0x0000000000001877      0x15c /opt/intelFPGA_lite/20.1/nios2eds/bin/gnu/H-x86_64-pc-linux-gnu/bin/../lib/gcc/nios2-elf/9.2.1/../../../../../H-x86_64-pc-linux-gnu/nios2-elf/lib/mno-hw-mul/libsmallc.a(lib_a-impure.o)
 .debug_line    0x00000000000019d3      0x1ce /opt/intelFPGA_lite/20.1/nios2eds/bin/gnu/H-x86_64-pc-linux-gnu/bin/../lib/gcc/nios2-elf/9.2.1/../../../../../H-x86_64-pc-linux-gnu/nios2-elf/lib/mno-hw-mul/libsmallc.a(lib_a-int_errno.o)
 .debug_line    0x0000000000001ba1      0x225 /opt/intelFPGA_lite/20.1/nios2eds/bin/gnu/H-x86_64-pc-linux-gnu/bin/../lib/gcc/nios2-elf/9.2.1/../../../../../H-x86_64-pc-linux-gnu/nios2-elf/lib/mno-hw-mul/libsmallc.a(lib_a-writer.o)
 .debug_line    0x0000000000001dc6      0x190 /opt/intelFPGA_lite/20.1/nios2eds/bin/gnu/H-x86_64-pc-linux-gnu/bin/../lib/gcc/nios2-elf/9.2.1/mno-hw-mul/libgcc.a(_muldi3.o)
 .debug_line    0x0000000000001f56       0xb6 /opt/intelFPGA_lite/20.1/nios2eds/bin/gnu/H-x86_64-pc-linux-gnu/bin/../lib/gcc/nios2-elf/9.2.1/mno-hw-mul/libgcc.a(lib2-mul.o)
 .debug_line    0x000000000000200c      0x13f ../CollendaProgram_bsp//libhal_bsp.a(alt_gettod.o)
 .debug_line    0x000000000000214b       0xa4 ../CollendaProgram_bsp//libhal_bsp.a(alt_load.o)
 .debug_line    0x00000000000021ef      0x325 ../CollendaProgram_bsp//libhal_bsp.a(alt_main.o)
 .debug_line    0x0000000000002514      0x2c8 ../CollendaProgram_bsp//libhal_bsp.a(alt_tick.o)
 .debug_line    0x00000000000027dc      0x309 ../CollendaProgram_bsp//libhal_bsp.a(alt_write.o)
 .debug_line    0x0000000000002ae5      0x20a ../CollendaProgram_bsp//libhal_bsp.a(alt_sys_init.o)
 .debug_line    0x0000000000002cef      0x258 ../CollendaProgram_bsp//libhal_bsp.a(altera_avalon_jtag_uart_write.o)
 .debug_line    0x0000000000002f47      0x194 ../CollendaProgram_bsp//libhal_bsp.a(alt_dcache_flush_all.o)
 .debug_line    0x00000000000030db       0x51 ../CollendaProgram_bsp//libhal_bsp.a(alt_errno.o)
 .debug_line    0x000000000000312c      0x192 ../CollendaProgram_bsp//libhal_bsp.a(alt_icache_flush_all.o)
 .debug_line    0x00000000000032be      0x148 ../CollendaProgram_bsp//libhal_bsp.a(altera_nios2_gen2_irq.o)
 .debug_line    0x0000000000003406      0x3d8 /opt/intelFPGA_lite/20.1/nios2eds/bin/gnu/H-x86_64-pc-linux-gnu/bin/../lib/gcc/nios2-elf/9.2.1/mno-hw-mul/libgcc.a(_umoddi3.o)
 .debug_line    0x00000000000037de       0xb4 /opt/intelFPGA_lite/20.1/nios2eds/bin/gnu/H-x86_64-pc-linux-gnu/bin/../lib/gcc/nios2-elf/9.2.1/mno-hw-mul/libgcc.a(_clz.o)

.debug_frame    0x0000000000000000      0x4b8
 *(.debug_frame)
 .debug_frame   0x0000000000000000       0x60 obj/default/hello_world_small.o
 .debug_frame   0x0000000000000060       0x50 /opt/intelFPGA_lite/20.1/nios2eds/bin/gnu/H-x86_64-pc-linux-gnu/bin/../lib/gcc/nios2-elf/9.2.1/mno-hw-mul/libgcc.a(lib2-divmod.o)
 .debug_frame   0x00000000000000b0       0x48 /opt/intelFPGA_lite/20.1/nios2eds/bin/gnu/H-x86_64-pc-linux-gnu/bin/../lib/gcc/nios2-elf/9.2.1/../../../../../H-x86_64-pc-linux-gnu/nios2-elf/lib/mno-hw-mul/libsmallc.a(lib_a-puts.o)
 .debug_frame   0x00000000000000f8       0x3c /opt/intelFPGA_lite/20.1/nios2eds/bin/gnu/H-x86_64-pc-linux-gnu/bin/../lib/gcc/nios2-elf/9.2.1/../../../../../H-x86_64-pc-linux-gnu/nios2-elf/lib/mno-hw-mul/libsmallc.a(lib_a-rand.o)
 .debug_frame   0x0000000000000134       0x20 /opt/intelFPGA_lite/20.1/nios2eds/bin/gnu/H-x86_64-pc-linux-gnu/bin/../lib/gcc/nios2-elf/9.2.1/../../../../../H-x86_64-pc-linux-gnu/nios2-elf/lib/mno-hw-mul/libsmallc.a(lib_a-strlen.o)
 .debug_frame   0x0000000000000154       0x30 /opt/intelFPGA_lite/20.1/nios2eds/bin/gnu/H-x86_64-pc-linux-gnu/bin/../lib/gcc/nios2-elf/9.2.1/../../../../../H-x86_64-pc-linux-gnu/nios2-elf/lib/mno-hw-mul/libsmallc.a(lib_a-time.o)
 .debug_frame   0x0000000000000184       0x3c /opt/intelFPGA_lite/20.1/nios2eds/bin/gnu/H-x86_64-pc-linux-gnu/bin/../lib/gcc/nios2-elf/9.2.1/../../../../../H-x86_64-pc-linux-gnu/nios2-elf/lib/mno-hw-mul/libsmallc.a(lib_a-fvwrite_small_dev.o)
 .debug_frame   0x00000000000001c0       0x30 /opt/intelFPGA_lite/20.1/nios2eds/bin/gnu/H-x86_64-pc-linux-gnu/bin/../lib/gcc/nios2-elf/9.2.1/../../../../../H-x86_64-pc-linux-gnu/nios2-elf/lib/mno-hw-mul/libsmallc.a(lib_a-gettimeofdayr.o)
 .debug_frame   0x00000000000001f0       0x30 /opt/intelFPGA_lite/20.1/nios2eds/bin/gnu/H-x86_64-pc-linux-gnu/bin/../lib/gcc/nios2-elf/9.2.1/../../../../../H-x86_64-pc-linux-gnu/nios2-elf/lib/mno-hw-mul/libsmallc.a(lib_a-writer.o)
 .debug_frame   0x0000000000000220       0x50 /opt/intelFPGA_lite/20.1/nios2eds/bin/gnu/H-x86_64-pc-linux-gnu/bin/../lib/gcc/nios2-elf/9.2.1/mno-hw-mul/libgcc.a(_muldi3.o)
 .debug_frame   0x0000000000000270       0x20 /opt/intelFPGA_lite/20.1/nios2eds/bin/gnu/H-x86_64-pc-linux-gnu/bin/../lib/gcc/nios2-elf/9.2.1/mno-hw-mul/libgcc.a(lib2-mul.o)
 .debug_frame   0x0000000000000290       0x40 ../CollendaProgram_bsp//libhal_bsp.a(alt_gettod.o)
 .debug_frame   0x00000000000002d0       0x30 ../CollendaProgram_bsp//libhal_bsp.a(alt_load.o)
 .debug_frame   0x0000000000000300       0x2c ../CollendaProgram_bsp//libhal_bsp.a(alt_main.o)
 .debug_frame   0x000000000000032c       0x50 ../CollendaProgram_bsp//libhal_bsp.a(alt_tick.o)
 .debug_frame   0x000000000000037c       0x2c ../CollendaProgram_bsp//libhal_bsp.a(alt_write.o)
 .debug_frame   0x00000000000003a8       0x3c ../CollendaProgram_bsp//libhal_bsp.a(alt_sys_init.o)
 .debug_frame   0x00000000000003e4       0x20 ../CollendaProgram_bsp//libhal_bsp.a(altera_avalon_jtag_uart_write.o)
 .debug_frame   0x0000000000000404       0x20 ../CollendaProgram_bsp//libhal_bsp.a(alt_dcache_flush_all.o)
 .debug_frame   0x0000000000000424       0x20 ../CollendaProgram_bsp//libhal_bsp.a(alt_icache_flush_all.o)
 .debug_frame   0x0000000000000444       0x20 ../CollendaProgram_bsp//libhal_bsp.a(altera_nios2_gen2_irq.o)
 .debug_frame   0x0000000000000464       0x54 /opt/intelFPGA_lite/20.1/nios2eds/bin/gnu/H-x86_64-pc-linux-gnu/bin/../lib/gcc/nios2-elf/9.2.1/mno-hw-mul/libgcc.a(_umoddi3.o)

.debug_str      0x0000000000000000     0x17ea
 *(.debug_str)
 .debug_str     0x0000000000000000       0x5f ../CollendaProgram_bsp//obj/HAL/src/crt0.o
 .debug_str     0x000000000000005f      0x5b2 obj/default/hello_world_small.o
                                        0x68a (size before relaxing)
 .debug_str     0x0000000000000611      0x194 /opt/intelFPGA_lite/20.1/nios2eds/bin/gnu/H-x86_64-pc-linux-gnu/bin/../lib/gcc/nios2-elf/9.2.1/mno-hw-mul/libgcc.a(lib2-divmod.o)
                                        0x1df (size before relaxing)
 .debug_str     0x00000000000007a5      0x29f /opt/intelFPGA_lite/20.1/nios2eds/bin/gnu/H-x86_64-pc-linux-gnu/bin/../lib/gcc/nios2-elf/9.2.1/../../../../../H-x86_64-pc-linux-gnu/nios2-elf/lib/mno-hw-mul/libsmallc.a(lib_a-puts.o)
                                        0x625 (size before relaxing)
 .debug_str     0x0000000000000a44       0xde /opt/intelFPGA_lite/20.1/nios2eds/bin/gnu/H-x86_64-pc-linux-gnu/bin/../lib/gcc/nios2-elf/9.2.1/../../../../../H-x86_64-pc-linux-gnu/nios2-elf/lib/mno-hw-mul/libsmallc.a(lib_a-rand.o)
                                        0x4e6 (size before relaxing)
 .debug_str     0x0000000000000b22       0xd6 /opt/intelFPGA_lite/20.1/nios2eds/bin/gnu/H-x86_64-pc-linux-gnu/bin/../lib/gcc/nios2-elf/9.2.1/../../../../../H-x86_64-pc-linux-gnu/nios2-elf/lib/mno-hw-mul/libsmallc.a(lib_a-strlen.o)
                                        0x4d2 (size before relaxing)
 .debug_str     0x0000000000000bf8      0x114 /opt/intelFPGA_lite/20.1/nios2eds/bin/gnu/H-x86_64-pc-linux-gnu/bin/../lib/gcc/nios2-elf/9.2.1/../../../../../H-x86_64-pc-linux-gnu/nios2-elf/lib/mno-hw-mul/libsmallc.a(lib_a-time.o)
                                        0x531 (size before relaxing)
 .debug_str     0x0000000000000d0c       0x65 /opt/intelFPGA_lite/20.1/nios2eds/bin/gnu/H-x86_64-pc-linux-gnu/bin/../lib/gcc/nios2-elf/9.2.1/../../../../../H-x86_64-pc-linux-gnu/nios2-elf/lib/mno-hw-mul/libsmallc.a(lib_a-fvwrite_small_dev.o)
                                        0x638 (size before relaxing)
 .debug_str     0x0000000000000d71       0xfb /opt/intelFPGA_lite/20.1/nios2eds/bin/gnu/H-x86_64-pc-linux-gnu/bin/../lib/gcc/nios2-elf/9.2.1/../../../../../H-x86_64-pc-linux-gnu/nios2-elf/lib/mno-hw-mul/libsmallc.a(lib_a-gettimeofdayr.o)
                                        0x55d (size before relaxing)
 .debug_str     0x0000000000000e6c       0x89 /opt/intelFPGA_lite/20.1/nios2eds/bin/gnu/H-x86_64-pc-linux-gnu/bin/../lib/gcc/nios2-elf/9.2.1/../../../../../H-x86_64-pc-linux-gnu/nios2-elf/lib/mno-hw-mul/libsmallc.a(lib_a-impure.o)
                                        0x529 (size before relaxing)
 .debug_str     0x0000000000000ef5       0x41 /opt/intelFPGA_lite/20.1/nios2eds/bin/gnu/H-x86_64-pc-linux-gnu/bin/../lib/gcc/nios2-elf/9.2.1/../../../../../H-x86_64-pc-linux-gnu/nios2-elf/lib/mno-hw-mul/libsmallc.a(lib_a-int_errno.o)
                                        0x4cf (size before relaxing)
 .debug_str     0x0000000000000f36       0x47 /opt/intelFPGA_lite/20.1/nios2eds/bin/gnu/H-x86_64-pc-linux-gnu/bin/../lib/gcc/nios2-elf/9.2.1/../../../../../H-x86_64-pc-linux-gnu/nios2-elf/lib/mno-hw-mul/libsmallc.a(lib_a-writer.o)
                                        0x50e (size before relaxing)
 .debug_str     0x0000000000000f7d      0x10d /opt/intelFPGA_lite/20.1/nios2eds/bin/gnu/H-x86_64-pc-linux-gnu/bin/../lib/gcc/nios2-elf/9.2.1/mno-hw-mul/libgcc.a(_muldi3.o)
                                        0x2b5 (size before relaxing)
 .debug_str     0x000000000000108a       0x42 /opt/intelFPGA_lite/20.1/nios2eds/bin/gnu/H-x86_64-pc-linux-gnu/bin/../lib/gcc/nios2-elf/9.2.1/mno-hw-mul/libgcc.a(lib2-mul.o)
                                        0x1a0 (size before relaxing)
 .debug_str     0x00000000000010cc       0xeb ../CollendaProgram_bsp//libhal_bsp.a(alt_gettod.o)
                                        0x230 (size before relaxing)
 .debug_str     0x00000000000011b7      0x113 ../CollendaProgram_bsp//libhal_bsp.a(alt_load.o)
                                        0x243 (size before relaxing)
 .debug_str     0x00000000000012ca      0x1f4 ../CollendaProgram_bsp//libhal_bsp.a(alt_main.o)
                                        0x7de (size before relaxing)
 .debug_str     0x00000000000014be       0xb5 ../CollendaProgram_bsp//libhal_bsp.a(alt_tick.o)
                                        0x64f (size before relaxing)
 .debug_str     0x0000000000001573       0x76 ../CollendaProgram_bsp//libhal_bsp.a(alt_write.o)
                                        0x7f9 (size before relaxing)
 .debug_str     0x00000000000015e9       0x75 ../CollendaProgram_bsp//libhal_bsp.a(alt_sys_init.o)
                                        0x634 (size before relaxing)
 .debug_str     0x000000000000165e       0x2c ../CollendaProgram_bsp//libhal_bsp.a(altera_avalon_jtag_uart_write.o)
                                        0x630 (size before relaxing)
 .debug_str     0x000000000000168a       0x1f ../CollendaProgram_bsp//libhal_bsp.a(alt_dcache_flush_all.o)
                                        0x545 (size before relaxing)
 .debug_str     0x00000000000016a9       0x14 ../CollendaProgram_bsp//libhal_bsp.a(alt_errno.o)
                                        0x14c (size before relaxing)
 .debug_str     0x00000000000016bd       0x1f ../CollendaProgram_bsp//libhal_bsp.a(alt_icache_flush_all.o)
                                        0x545 (size before relaxing)
 .debug_str     0x00000000000016dc       0x20 ../CollendaProgram_bsp//libhal_bsp.a(altera_nios2_gen2_irq.o)
                                        0x559 (size before relaxing)
 .debug_str     0x00000000000016fc       0xee /opt/intelFPGA_lite/20.1/nios2eds/bin/gnu/H-x86_64-pc-linux-gnu/bin/../lib/gcc/nios2-elf/9.2.1/mno-hw-mul/libgcc.a(_umoddi3.o)
                                        0x311 (size before relaxing)
 .debug_str     0x00000000000017ea      0x258 /opt/intelFPGA_lite/20.1/nios2eds/bin/gnu/H-x86_64-pc-linux-gnu/bin/../lib/gcc/nios2-elf/9.2.1/mno-hw-mul/libgcc.a(_clz.o)

.debug_loc      0x0000000000000000     0x2bb8
 *(.debug_loc)
 .debug_loc     0x0000000000000000      0xafb obj/default/hello_world_small.o
 .debug_loc     0x0000000000000afb      0x5d0 /opt/intelFPGA_lite/20.1/nios2eds/bin/gnu/H-x86_64-pc-linux-gnu/bin/../lib/gcc/nios2-elf/9.2.1/mno-hw-mul/libgcc.a(lib2-divmod.o)
 .debug_loc     0x00000000000010cb       0xab /opt/intelFPGA_lite/20.1/nios2eds/bin/gnu/H-x86_64-pc-linux-gnu/bin/../lib/gcc/nios2-elf/9.2.1/../../../../../H-x86_64-pc-linux-gnu/nios2-elf/lib/mno-hw-mul/libsmallc.a(lib_a-puts.o)
 .debug_loc     0x0000000000001176       0x44 /opt/intelFPGA_lite/20.1/nios2eds/bin/gnu/H-x86_64-pc-linux-gnu/bin/../lib/gcc/nios2-elf/9.2.1/../../../../../H-x86_64-pc-linux-gnu/nios2-elf/lib/mno-hw-mul/libsmallc.a(lib_a-strlen.o)
 .debug_loc     0x00000000000011ba       0x32 /opt/intelFPGA_lite/20.1/nios2eds/bin/gnu/H-x86_64-pc-linux-gnu/bin/../lib/gcc/nios2-elf/9.2.1/../../../../../H-x86_64-pc-linux-gnu/nios2-elf/lib/mno-hw-mul/libsmallc.a(lib_a-time.o)
 .debug_loc     0x00000000000011ec      0x123 /opt/intelFPGA_lite/20.1/nios2eds/bin/gnu/H-x86_64-pc-linux-gnu/bin/../lib/gcc/nios2-elf/9.2.1/../../../../../H-x86_64-pc-linux-gnu/nios2-elf/lib/mno-hw-mul/libsmallc.a(lib_a-fvwrite_small_dev.o)
 .debug_loc     0x000000000000130f       0x9e /opt/intelFPGA_lite/20.1/nios2eds/bin/gnu/H-x86_64-pc-linux-gnu/bin/../lib/gcc/nios2-elf/9.2.1/../../../../../H-x86_64-pc-linux-gnu/nios2-elf/lib/mno-hw-mul/libsmallc.a(lib_a-gettimeofdayr.o)
 .debug_loc     0x00000000000013ad       0xd0 /opt/intelFPGA_lite/20.1/nios2eds/bin/gnu/H-x86_64-pc-linux-gnu/bin/../lib/gcc/nios2-elf/9.2.1/../../../../../H-x86_64-pc-linux-gnu/nios2-elf/lib/mno-hw-mul/libsmallc.a(lib_a-writer.o)
 .debug_loc     0x000000000000147d      0x1eb /opt/intelFPGA_lite/20.1/nios2eds/bin/gnu/H-x86_64-pc-linux-gnu/bin/../lib/gcc/nios2-elf/9.2.1/mno-hw-mul/libgcc.a(_muldi3.o)
 .debug_loc     0x0000000000001668       0xa7 /opt/intelFPGA_lite/20.1/nios2eds/bin/gnu/H-x86_64-pc-linux-gnu/bin/../lib/gcc/nios2-elf/9.2.1/mno-hw-mul/libgcc.a(lib2-mul.o)
 .debug_loc     0x000000000000170f       0xc6 ../CollendaProgram_bsp//libhal_bsp.a(alt_gettod.o)
 .debug_loc     0x00000000000017d5       0xba ../CollendaProgram_bsp//libhal_bsp.a(alt_tick.o)
 .debug_loc     0x000000000000188f       0xd2 ../CollendaProgram_bsp//libhal_bsp.a(alt_write.o)
 .debug_loc     0x0000000000001961       0x25 ../CollendaProgram_bsp//libhal_bsp.a(alt_sys_init.o)
 .debug_loc     0x0000000000001986       0x93 ../CollendaProgram_bsp//libhal_bsp.a(altera_avalon_jtag_uart_write.o)
 .debug_loc     0x0000000000001a19     0x119f /opt/intelFPGA_lite/20.1/nios2eds/bin/gnu/H-x86_64-pc-linux-gnu/bin/../lib/gcc/nios2-elf/9.2.1/mno-hw-mul/libgcc.a(_umoddi3.o)

.debug_macinfo
 *(.debug_macinfo)

.debug_weaknames
 *(.debug_weaknames)

.debug_funcnames
 *(.debug_funcnames)

.debug_typenames
 *(.debug_typenames)

.debug_varnames
 *(.debug_varnames)

.debug_alt_sim_info
                0x0000000000000000       0x10
 *(.debug_alt_sim_info)
 .debug_alt_sim_info
                0x0000000000000000       0x10 ../CollendaProgram_bsp//obj/HAL/src/crt0.o
                0x000000000000f530                __alt_data_end = 0xf530
                0x000000000000f530                PROVIDE (__alt_stack_pointer = __alt_data_end)
                [!provide]                        PROVIDE (__alt_stack_limit = __alt_stack_base)
                [!provide]                        PROVIDE (__alt_heap_start = end)
                [!provide]                        PROVIDE (__alt_heap_limit = 0xf530)
OUTPUT(CollendaProgram.elf elf32-littlenios2)

.debug_ranges   0x0000000000000000      0x3e0
 .debug_ranges  0x0000000000000000       0x20 ../CollendaProgram_bsp//obj/HAL/src/crt0.o
 .debug_ranges  0x0000000000000020       0xc0 obj/default/hello_world_small.o
 .debug_ranges  0x00000000000000e0       0x70 /opt/intelFPGA_lite/20.1/nios2eds/bin/gnu/H-x86_64-pc-linux-gnu/bin/../lib/gcc/nios2-elf/9.2.1/mno-hw-mul/libgcc.a(lib2-divmod.o)
 .debug_ranges  0x0000000000000150       0x18 /opt/intelFPGA_lite/20.1/nios2eds/bin/gnu/H-x86_64-pc-linux-gnu/bin/../lib/gcc/nios2-elf/9.2.1/../../../../../H-x86_64-pc-linux-gnu/nios2-elf/lib/mno-hw-mul/libsmallc.a(lib_a-puts.o)
 .debug_ranges  0x0000000000000168       0x18 /opt/intelFPGA_lite/20.1/nios2eds/bin/gnu/H-x86_64-pc-linux-gnu/bin/../lib/gcc/nios2-elf/9.2.1/../../../../../H-x86_64-pc-linux-gnu/nios2-elf/lib/mno-hw-mul/libsmallc.a(lib_a-rand.o)
 .debug_ranges  0x0000000000000180       0x10 /opt/intelFPGA_lite/20.1/nios2eds/bin/gnu/H-x86_64-pc-linux-gnu/bin/../lib/gcc/nios2-elf/9.2.1/../../../../../H-x86_64-pc-linux-gnu/nios2-elf/lib/mno-hw-mul/libsmallc.a(lib_a-strlen.o)
 .debug_ranges  0x0000000000000190       0x10 /opt/intelFPGA_lite/20.1/nios2eds/bin/gnu/H-x86_64-pc-linux-gnu/bin/../lib/gcc/nios2-elf/9.2.1/../../../../../H-x86_64-pc-linux-gnu/nios2-elf/lib/mno-hw-mul/libsmallc.a(lib_a-time.o)
 .debug_ranges  0x00000000000001a0       0x10 /opt/intelFPGA_lite/20.1/nios2eds/bin/gnu/H-x86_64-pc-linux-gnu/bin/../lib/gcc/nios2-elf/9.2.1/../../../../../H-x86_64-pc-linux-gnu/nios2-elf/lib/mno-hw-mul/libsmallc.a(lib_a-fvwrite_small_dev.o)
 .debug_ranges  0x00000000000001b0       0x10 /opt/intelFPGA_lite/20.1/nios2eds/bin/gnu/H-x86_64-pc-linux-gnu/bin/../lib/gcc/nios2-elf/9.2.1/../../../../../H-x86_64-pc-linux-gnu/nios2-elf/lib/mno-hw-mul/libsmallc.a(lib_a-gettimeofdayr.o)
 .debug_ranges  0x00000000000001c0       0x10 /opt/intelFPGA_lite/20.1/nios2eds/bin/gnu/H-x86_64-pc-linux-gnu/bin/../lib/gcc/nios2-elf/9.2.1/../../../../../H-x86_64-pc-linux-gnu/nios2-elf/lib/mno-hw-mul/libsmallc.a(lib_a-writer.o)
 .debug_ranges  0x00000000000001d0       0x40 /opt/intelFPGA_lite/20.1/nios2eds/bin/gnu/H-x86_64-pc-linux-gnu/bin/../lib/gcc/nios2-elf/9.2.1/mno-hw-mul/libgcc.a(_muldi3.o)
 .debug_ranges  0x0000000000000210       0x48 ../CollendaProgram_bsp//libhal_bsp.a(alt_load.o)
 .debug_ranges  0x0000000000000258       0x20 ../CollendaProgram_bsp//libhal_bsp.a(alt_write.o)
 .debug_ranges  0x0000000000000278      0x168 /opt/intelFPGA_lite/20.1/nios2eds/bin/gnu/H-x86_64-pc-linux-gnu/bin/../lib/gcc/nios2-elf/9.2.1/mno-hw-mul/libgcc.a(_umoddi3.o)
